ARM Linker, 4.1 [Build 894] [Evaluation]

==============================================================================

Section Cross References

    main.o(i.main) refers to kernel.o(i.OS_Init) for OS_Init
    main.o(i.main) refers to kernel.o(i.OS_Run) for OS_Run
    timer.o(i.TIMER0_IRQHandler) refers to timer.o(.data) for .data
    timer.o(i.TIMER1_IRQHandler) refers to timer.o(.data) for .data
    timer.o(i.init_timer) refers to timer.o(i.NVIC_EnableIRQ) for NVIC_EnableIRQ
    timer.o(i.init_timer) refers to timer.o(.data) for .data
    spi_msd_driver.o(i.MSD_GetCardInfo) refers to spi_msd_driver.o(i._send_command) for _send_command
    spi_msd_driver.o(i.MSD_GetCardInfo) refers to spi_msd_driver.o(i._read_buffer) for _read_buffer
    spi_msd_driver.o(i.MSD_Init) refers to spi_msd_driver.o(i.MSD_SPI_Configuration) for MSD_SPI_Configuration
    spi_msd_driver.o(i.MSD_Init) refers to lpc17xx_gpio.o(i.GPIO_ReadValue) for GPIO_ReadValue
    spi_msd_driver.o(i.MSD_Init) refers to kernel.o(i.OS_Debug_Print) for OS_Debug_Print
    spi_msd_driver.o(i.MSD_Init) refers to lpc17xx_gpio.o(i.GPIO_ClearValue) for GPIO_ClearValue
    spi_msd_driver.o(i.MSD_Init) refers to spi_msd_driver.o(i._spi_read_write) for _spi_read_write
    spi_msd_driver.o(i.MSD_Init) refers to spi_msd_driver.o(i._send_command) for _send_command
    spi_msd_driver.o(i.MSD_Init) refers to spi_msd_driver.o(i._send_command_hold) for _send_command_hold
    spi_msd_driver.o(i.MSD_Init) refers to lpc17xx_gpio.o(i.GPIO_SetValue) for GPIO_SetValue
    spi_msd_driver.o(i.MSD_Init) refers to spi_msd_driver.o(i.MSD_SPIHighSpeed) for MSD_SPIHighSpeed
    spi_msd_driver.o(i.MSD_Init) refers to spi_msd_driver.o(.bss) for .bss
    spi_msd_driver.o(i.MSD_ReadMultiBlock) refers to spi_msd_driver.o(i._send_command) for _send_command
    spi_msd_driver.o(i.MSD_ReadMultiBlock) refers to spi_msd_driver.o(i._read_buffer) for _read_buffer
    spi_msd_driver.o(i.MSD_ReadMultiBlock) refers to lpc17xx_gpio.o(i.GPIO_SetValue) for GPIO_SetValue
    spi_msd_driver.o(i.MSD_ReadMultiBlock) refers to spi_msd_driver.o(i._spi_read_write) for _spi_read_write
    spi_msd_driver.o(i.MSD_ReadMultiBlock) refers to spi_msd_driver.o(.bss) for .bss
    spi_msd_driver.o(i.MSD_ReadSingleBlock) refers to spi_msd_driver.o(i._send_command) for _send_command
    spi_msd_driver.o(i.MSD_ReadSingleBlock) refers to spi_msd_driver.o(i._read_buffer) for _read_buffer
    spi_msd_driver.o(i.MSD_ReadSingleBlock) refers to spi_msd_driver.o(.bss) for .bss
    spi_msd_driver.o(i.MSD_SPIHighSpeed) refers to lpc17xx_ssp.o(i.SSP_ConfigStructInit) for SSP_ConfigStructInit
    spi_msd_driver.o(i.MSD_SPIHighSpeed) refers to lpc17xx_ssp.o(i.SSP_Init) for SSP_Init
    spi_msd_driver.o(i.MSD_SPIHighSpeed) refers to lpc17xx_ssp.o(i.SSP_Cmd) for SSP_Cmd
    spi_msd_driver.o(i.MSD_SPI_Configuration) refers to lpc17xx_pinsel.o(i.PINSEL_ConfigPin) for PINSEL_ConfigPin
    spi_msd_driver.o(i.MSD_SPI_Configuration) refers to lpc17xx_gpio.o(i.GPIO_SetDir) for GPIO_SetDir
    spi_msd_driver.o(i.MSD_SPI_Configuration) refers to lpc17xx_gpio.o(i.GPIO_SetValue) for GPIO_SetValue
    spi_msd_driver.o(i.MSD_SPI_Configuration) refers to lpc17xx_ssp.o(i.SSP_ConfigStructInit) for SSP_ConfigStructInit
    spi_msd_driver.o(i.MSD_SPI_Configuration) refers to lpc17xx_ssp.o(i.SSP_Init) for SSP_Init
    spi_msd_driver.o(i.MSD_SPI_Configuration) refers to spi_msd_driver.o(i.MSD_SPIHighSpeed) for MSD_SPIHighSpeed
    spi_msd_driver.o(i.MSD_SPI_Configuration) refers to lpc17xx_ssp.o(i.SSP_Cmd) for SSP_Cmd
    spi_msd_driver.o(i.MSD_WriteMultiBlock) refers to spi_msd_driver.o(i._send_command) for _send_command
    spi_msd_driver.o(i.MSD_WriteMultiBlock) refers to lpc17xx_gpio.o(i.GPIO_ClearValue) for GPIO_ClearValue
    spi_msd_driver.o(i.MSD_WriteMultiBlock) refers to spi_msd_driver.o(i._spi_read_write) for _spi_read_write
    spi_msd_driver.o(i.MSD_WriteMultiBlock) refers to lpc17xx_gpio.o(i.GPIO_SetValue) for GPIO_SetValue
    spi_msd_driver.o(i.MSD_WriteMultiBlock) refers to spi_msd_driver.o(.bss) for .bss
    spi_msd_driver.o(i.MSD_WriteSingleBlock) refers to spi_msd_driver.o(i._send_command) for _send_command
    spi_msd_driver.o(i.MSD_WriteSingleBlock) refers to lpc17xx_gpio.o(i.GPIO_ClearValue) for GPIO_ClearValue
    spi_msd_driver.o(i.MSD_WriteSingleBlock) refers to spi_msd_driver.o(i._spi_read_write) for _spi_read_write
    spi_msd_driver.o(i.MSD_WriteSingleBlock) refers to lpc17xx_gpio.o(i.GPIO_SetValue) for GPIO_SetValue
    spi_msd_driver.o(i.MSD_WriteSingleBlock) refers to spi_msd_driver.o(.bss) for .bss
    spi_msd_driver.o(i._read_buffer) refers to lpc17xx_gpio.o(i.GPIO_ClearValue) for GPIO_ClearValue
    spi_msd_driver.o(i._read_buffer) refers to spi_msd_driver.o(i._spi_read_write) for _spi_read_write
    spi_msd_driver.o(i._read_buffer) refers to lpc17xx_gpio.o(i.GPIO_SetValue) for GPIO_SetValue
    spi_msd_driver.o(i._send_command) refers to spi_msd_driver.o(i._spi_read_write) for _spi_read_write
    spi_msd_driver.o(i._send_command) refers to lpc17xx_gpio.o(i.GPIO_ClearValue) for GPIO_ClearValue
    spi_msd_driver.o(i._send_command) refers to lpc17xx_gpio.o(i.GPIO_SetValue) for GPIO_SetValue
    spi_msd_driver.o(i._send_command_hold) refers to spi_msd_driver.o(i._spi_read_write) for _spi_read_write
    spi_msd_driver.o(i._send_command_hold) refers to lpc17xx_gpio.o(i.GPIO_ClearValue) for GPIO_ClearValue
    startup_lpc17xx.o(RESET) refers to startup_lpc17xx.o(STACK) for __initial_sp
    startup_lpc17xx.o(RESET) refers to startup_lpc17xx.o(.text) for Reset_Handler
    startup_lpc17xx.o(RESET) refers to timer.o(i.TIMER0_IRQHandler) for TIMER0_IRQHandler
    startup_lpc17xx.o(RESET) refers to timer.o(i.TIMER1_IRQHandler) for TIMER1_IRQHandler
    startup_lpc17xx.o(.text) refers to system_lpc17xx.o(i.SystemInit) for SystemInit
    startup_lpc17xx.o(.text) refers to entry.o(.ARM.Collect$$$$00000000) for __main
    kernel.o(i.GetNormal) refers to fadd.o(.text) for __aeabi_fsub
    kernel.o(i.GetNormal) refers to fmul.o(.text) for __aeabi_fmul
    kernel.o(i.IsFrontFace) refers to cfrcmple.o(.text) for __aeabi_cfrcmple
    kernel.o(i.OS_Allocate) refers to malloc.o(i.malloc) for malloc
    kernel.o(i.OS_Allocate) refers to kernel.o(i.OS_Error) for OS_Error
    kernel.o(i.OS_App_GetAppByID) refers to list.o(i.OS_List_GetAt) for OS_List_GetAt
    kernel.o(i.OS_App_GetAppByID) refers to kernel.o(.bss) for .bss
    kernel.o(i.OS_App_GetFirstFreeID) refers to list.o(i.OS_List_GetAt) for OS_List_GetAt
    kernel.o(i.OS_App_GetFirstFreeID) refers to kernel.o(.bss) for .bss
    kernel.o(i.OS_App_Kill) refers to kernel.o(i.OS_Debug_Print) for OS_Debug_Print
    kernel.o(i.OS_App_Kill) refers to list.o(i.OS_List_Remove) for OS_List_Remove
    kernel.o(i.OS_App_Kill) refers to process.o(i.OS_Proc_Terminate) for OS_Proc_Terminate
    kernel.o(i.OS_App_Kill) refers to thread.o(i.OS_Proc_Terminate) for OS_Proc_Terminate
    kernel.o(i.OS_App_Kill) refers to filesystem.o(i.OS_FS_Close) for OS_FS_Close
    kernel.o(i.OS_App_Kill) refers to malloc.o(i.free) for free
    kernel.o(i.OS_App_Kill) refers to kernel.o(.bss) for .bss
    kernel.o(i.OS_App_MemoryUsage) refers to process.o(i.OS_Proc_GetMemoryUsage) for OS_Proc_GetMemoryUsage
    kernel.o(i.OS_App_MemoryUsage) refers to thread.o(i.OS_Proc_GetMemoryUsage) for OS_Proc_GetMemoryUsage
    kernel.o(i.OS_App_Open) refers to kernel.o(i.OS_App_GetFirstFreeID) for OS_App_GetFirstFreeID
    kernel.o(i.OS_App_Open) refers to kernel.o(i.OS_Debug_Print) for OS_Debug_Print
    kernel.o(i.OS_App_Open) refers to kernel.o(i.OS_Allocate) for OS_Allocate
    kernel.o(i.OS_App_Open) refers to filesystem.o(i.OS_FS_Open) for OS_FS_Open
    kernel.o(i.OS_App_Open) refers to malloc.o(i.free) for free
    kernel.o(i.OS_App_Open) refers to filesystem.o(i.OS_FS_Read) for OS_FS_Read
    kernel.o(i.OS_App_Open) refers to filesystem.o(i.OS_FS_Seek) for OS_FS_Seek
    kernel.o(i.OS_App_Open) refers to process.o(i.OS_Proc_Create) for OS_Proc_Create
    kernel.o(i.OS_App_Open) refers to thread.o(i.OS_Proc_Create) for OS_Proc_Create
    kernel.o(i.OS_App_Open) refers to list.o(i.OS_List_Add) for OS_List_Add
    kernel.o(i.OS_App_Open) refers to kernel.o(i.OS_App_MemoryUsage) for OS_App_MemoryUsage
    kernel.o(i.OS_App_Open) refers to process.o(i.OS_Proc_Run) for OS_Proc_Run
    kernel.o(i.OS_App_Open) refers to thread.o(i.OS_Proc_Run) for OS_Proc_Run
    kernel.o(i.OS_App_Open) refers to filesystem.o(i.OS_FS_Close) for OS_FS_Close
    kernel.o(i.OS_App_Open) refers to kernel.o(.data) for .data
    kernel.o(i.OS_App_Open) refers to kernel.o(.bss) for .bss
    kernel.o(i.OS_Debug_FatInfo) refers to kernel.o(i.OS_Allocate) for OS_Allocate
    kernel.o(i.OS_Debug_FatInfo) refers to filesystem.o(i.OS_FS_GetFatInfo) for OS_FS_GetFatInfo
    kernel.o(i.OS_Debug_FatInfo) refers to kernel.o(i.OS_Debug_Print) for OS_Debug_Print
    kernel.o(i.OS_Debug_FatInfo) refers to malloc.o(i.free) for free
    kernel.o(i.OS_Debug_Input) refers to uart.o(i.OS_UART_GetByte) for OS_UART_GetByte
    kernel.o(i.OS_Debug_Input) refers to kernel.o(i.OS_Debug_Print) for OS_Debug_Print
    kernel.o(i.OS_Debug_Input) refers to execute.o(i.OS_Execute) for OS_Execute
    kernel.o(i.OS_Debug_Input) refers to kernel.o(i.OS_Exit) for OS_Exit
    kernel.o(i.OS_Debug_Input) refers to kernel.o(i.OS_Restart) for OS_Restart
    kernel.o(i.OS_Debug_Input) refers to kernel.o(i.OS_Debug_FatInfo) for OS_Debug_FatInfo
    kernel.o(i.OS_Debug_Input) refers to list.o(i.OS_List_GetAt) for OS_List_GetAt
    kernel.o(i.OS_Debug_Input) refers to kernel.o(i.OS_App_MemoryUsage) for OS_App_MemoryUsage
    kernel.o(i.OS_Debug_Input) refers to kernel.o(i.OS_App_GetAppByID) for OS_App_GetAppByID
    kernel.o(i.OS_Debug_Input) refers to kernel.o(i.OS_App_Kill) for OS_App_Kill
    kernel.o(i.OS_Debug_Input) refers to kernel.o(i.OS_Debug_PrintReg) for OS_Debug_PrintReg
    kernel.o(i.OS_Debug_Input) refers to kernel.o(i.OS_Debug_PrintMemory) for OS_Debug_PrintMemory
    kernel.o(i.OS_Debug_Input) refers to kernel.o(.data) for .data
    kernel.o(i.OS_Debug_Input) refers to kernel.o(.bss) for .bss
    kernel.o(i.OS_Debug_Input) refers to screen.o(.data) for CGH
    kernel.o(i.OS_Debug_Input) refers to kernel.o(.constdata) for .constdata
    kernel.o(i.OS_Debug_Print) refers to putc.o(i.putc) for putc
    kernel.o(i.OS_Debug_Print) refers to printfa.o(i.__0vfprintf) for __c89vfprintf
    kernel.o(i.OS_Debug_Print) refers to stdout.o(.data) for __stdout
    kernel.o(i.OS_Debug_Print) refers to stderr.o(.data) for __stderr
    kernel.o(i.OS_Debug_PrintMemory) refers to kernel.o(i.OS_Debug_Print) for OS_Debug_Print
    kernel.o(i.OS_Debug_PrintMemory) refers to list.o(i.OS_List_GetAt) for OS_List_GetAt
    kernel.o(i.OS_Debug_PrintReg) refers to kernel.o(i.OS_Debug_Print) for OS_Debug_Print
    kernel.o(i.OS_Error) refers to kernel.o(i.OS_Debug_Print) for OS_Debug_Print
    kernel.o(i.OS_Error) refers to printfa.o(i.__0sprintf) for __2sprintf
    kernel.o(i.OS_Error) refers to screen.o(i.OS_GPU_Clear) for OS_GPU_Clear
    kernel.o(i.OS_Error) refers to graphics.o(i.OS_GPU_Print_Text) for OS_GPU_Print_Text
    kernel.o(i.OS_Error) refers to kernel.o(.bss) for .bss
    kernel.o(i.OS_Error) refers to screen.o(.data) for CGH
    kernel.o(i.OS_Exit) refers to kernel.o(i.OS_Debug_Print) for OS_Debug_Print
    kernel.o(i.OS_Exit) refers to kernel.o(i.P_OS_Close) for P_OS_Close
    kernel.o(i.OS_Exit) refers to procesor_cpu.o(i.OS_CPU_TurnOff) for OS_CPU_TurnOff
    kernel.o(i.OS_Exit) refers to kernel.o(.constdata) for .constdata
    kernel.o(i.OS_Init) refers to procesor_cpu.o(i.OS_CPU_Delay) for OS_CPU_Delay
    kernel.o(i.OS_Init) refers to uart.o(i.OS_UART_Init) for OS_UART_Init
    kernel.o(i.OS_Init) refers to kernel.o(i.OS_Debug_Print) for OS_Debug_Print
    kernel.o(i.OS_Init) refers to screen.o(i.OS_GPU_Init) for OS_GPU_Init
    kernel.o(i.OS_Init) refers to screen.o(i.OS_GPU_Clear) for OS_GPU_Clear
    kernel.o(i.OS_Init) refers to graphics.o(i.OS_GPU_Print_Text) for OS_GPU_Print_Text
    kernel.o(i.OS_Init) refers to list.o(i.OS_List_Init) for OS_List_Init
    kernel.o(i.OS_Init) refers to filesystem.o(i.OS_FS_Available) for OS_FS_Available
    kernel.o(i.OS_Init) refers to filesystem.o(i.OS_FS_Init) for OS_FS_Init
    kernel.o(i.OS_Init) refers to procesor_cpu.o(i.OS_CPU_GetInfo) for OS_CPU_GetInfo
    kernel.o(i.OS_Init) refers to kernel.o(.data) for .data
    kernel.o(i.OS_Init) refers to kernel.o(.bss) for .bss
    kernel.o(i.OS_Init) refers to screen.o(.data) for CGH
    kernel.o(i.OS_Init) refers to kernel.o(.constdata) for .constdata
    kernel.o(i.OS_KillProcessParent) refers to list.o(i.OS_List_GetAt) for OS_List_GetAt
    kernel.o(i.OS_KillProcessParent) refers to kernel.o(i.OS_App_Kill) for OS_App_Kill
    kernel.o(i.OS_KillProcessParent) refers to kernel.o(.bss) for .bss
    kernel.o(i.OS_Restart) refers to kernel.o(i.OS_Debug_Print) for OS_Debug_Print
    kernel.o(i.OS_Restart) refers to kernel.o(i.P_OS_Close) for P_OS_Close
    kernel.o(i.OS_Restart) refers to procesor_cpu.o(i.OS_CPU_Restart) for OS_CPU_Restart
    kernel.o(i.OS_Restart) refers to kernel.o(.constdata) for .constdata
    kernel.o(i.OS_Run) refers to kernel.o(i.OS_Allocate) for OS_Allocate
    kernel.o(i.OS_Run) refers to memseta.o(.text) for __aeabi_memclr
    kernel.o(i.OS_Run) refers to dflti.o(.text) for __aeabi_i2d
    kernel.o(i.OS_Run) refers to dmul.o(.text) for __aeabi_dmul
    kernel.o(i.OS_Run) refers to d2f.o(.text) for __aeabi_d2f
    kernel.o(i.OS_Run) refers to kernel.o(i.Transform) for Transform
    kernel.o(i.OS_Run) refers to kernel.o(i.RotatePoly) for RotatePoly
    kernel.o(i.OS_Run) refers to kernel.o(i.GetNormal) for GetNormal
    kernel.o(i.OS_Run) refers to fmul.o(.text) for __aeabi_fmul
    kernel.o(i.OS_Run) refers to fadd.o(.text) for __aeabi_fadd
    kernel.o(i.OS_Run) refers to f2d.o(.text) for __aeabi_f2d
    kernel.o(i.OS_Run) refers to sqrt.o(i.sqrt) for sqrt
    kernel.o(i.OS_Run) refers to cfrcmple.o(.text) for __aeabi_cfrcmple
    kernel.o(i.OS_Run) refers to fdiv.o(.text) for __aeabi_fdiv
    kernel.o(i.OS_Run) refers to ffixui.o(.text) for __aeabi_f2uiz
    kernel.o(i.OS_Run) refers to kernel.o(i.renderPolygonSub) for renderPolygonSub
    kernel.o(i.OS_Run) refers to screen.o(i.OS_GPU_DrawImage) for OS_GPU_DrawImage
    kernel.o(i.OS_Run) refers to kernel.o(.bss) for .bss
    kernel.o(i.OS_Run) refers to screen.o(.data) for CGH
    kernel.o(i.OS_Run) refers to kernel.o(.data) for .data
    kernel.o(i.P_OS_Close) refers to filesystem.o(i.OS_FS_Exit) for OS_FS_Exit
    kernel.o(i.P_OS_Close) refers to screen.o(i.OS_GPU_Clear) for OS_GPU_Clear
    kernel.o(i.RenderSpan) refers to kernel.o(.data) for .data
    kernel.o(i.Transform) refers to f2d.o(.text) for __aeabi_f2d
    kernel.o(i.Transform) refers to sin.o(i.sin) for sin
    kernel.o(i.Transform) refers to d2f.o(.text) for __aeabi_d2f
    kernel.o(i.Transform) refers to cos.o(i.cos) for cos
    kernel.o(i.Transform) refers to fmul.o(.text) for __aeabi_fmul
    kernel.o(i.Transform) refers to fadd.o(.text) for __aeabi_fsub
    kernel.o(i.Transform) refers to fdiv.o(.text) for __aeabi_fdiv
    kernel.o(i.Transform) refers to ffixi.o(.text) for __aeabi_f2iz
    kernel.o(i.Transform) refers to kernel.o(.bss) for .bss
    kernel.o(i.renderPolygonSub) refers to kernel.o(i.min) for min
    kernel.o(i.renderPolygonSub) refers to kernel.o(i.RenderSpan) for RenderSpan
    filesystem.o(i.OS_FS_Available) refers to lpc17xx_gpio.o(i.GPIO_ReadValue) for GPIO_ReadValue
    filesystem.o(i.OS_FS_Close) refers to ff.o(i.f_close) for f_close
    filesystem.o(i.OS_FS_CreateDir) refers to ff.o(i.f_mkdir) for f_mkdir
    filesystem.o(i.OS_FS_Delete) refers to ff.o(i.f_unlink) for f_unlink
    filesystem.o(i.OS_FS_Exit) refers to ff.o(i.f_mount) for f_mount
    filesystem.o(i.OS_FS_Exit) refers to kernel.o(.bss) for Fat
    filesystem.o(i.OS_FS_FileInfo) refers to ff.o(i.f_stat) for f_stat
    filesystem.o(i.OS_FS_Flush) refers to ff.o(i.f_sync) for f_sync
    filesystem.o(i.OS_FS_GetFatInfo) refers to ff.o(i.f_getfree) for f_getfree
    filesystem.o(i.OS_FS_Init) refers to ff.o(i.f_mount) for f_mount
    filesystem.o(i.OS_FS_Init) refers to kernel.o(.bss) for Fat
    filesystem.o(i.OS_FS_Open) refers to ff.o(i.f_open) for f_open
    filesystem.o(i.OS_FS_OpenDir) refers to ff.o(i.f_opendir) for f_opendir
    filesystem.o(i.OS_FS_Read) refers to ff.o(i.f_read) for f_read
    filesystem.o(i.OS_FS_ReadDir) refers to ff.o(i.f_readdir) for f_readdir
    filesystem.o(i.OS_FS_Rename) refers to ff.o(i.f_rename) for f_rename
    filesystem.o(i.OS_FS_Seek) refers to ff.o(i.f_lseek) for f_lseek
    filesystem.o(i.OS_FS_SetAttribute) refers to ff.o(i.f_chmod) for f_chmod
    filesystem.o(i.OS_FS_SetTime) refers to ff.o(i.f_utime) for f_utime
    filesystem.o(i.OS_FS_Truncate) refers to ff.o(i.f_truncate) for f_truncate
    filesystem.o(i.OS_FS_Write) refers to ff.o(i.f_write) for f_write
    list.o(i.OS_List_Add) refers to kernel.o(i.OS_Allocate) for OS_Allocate
    list.o(i.OS_List_Add) refers to malloc.o(i.free) for free
    list.o(i.OS_List_Clear) refers to malloc.o(i.free) for free
    list.o(i.OS_List_Init) refers to kernel.o(i.OS_Allocate) for OS_Allocate
    execute.o(i.OS_Execute) refers to filesystem.o(i.OS_FS_Read) for OS_FS_Read
    execute.o(i.OS_Execute) refers to kernel.o(i.OS_Debug_Print) for OS_Debug_Print
    execute.o(i.OS_Execute) refers to execute.o(i.Read_Word) for Read_Word
    execute.o(i.OS_Execute) refers to kernel.o(i.OS_Allocate) for OS_Allocate
    execute.o(i.OS_Execute) refers to list.o(i.OS_List_Add) for OS_List_Add
    execute.o(i.OS_Execute) refers to malloc.o(i.free) for free
    execute.o(i.OS_Execute) refers to list.o(i.OS_List_RemoveLast) for OS_List_RemoveLast
    execute.o(i.OS_Execute) refers to list.o(i.OS_List_GetLast) for OS_List_GetLast
    execute.o(i.OS_Execute) refers to filesystem.o(i.OS_FS_Seek) for OS_FS_Seek
    execute.o(i.OS_Execute) refers to kernel.o(i.OS_KillProcessParent) for OS_KillProcessParent
    execute.o(i.OS_Execute) refers to execute.o(i.OS_Interrupt) for OS_Interrupt
    execute.o(i.OS_Interrupt) refers to graphics.o(i.OS_GPU_Print_Text) for OS_GPU_Print_Text
    execute.o(i.OS_Interrupt) refers to screen.o(i.OS_GPU_SetPoint) for OS_GPU_SetPoint
    execute.o(i.OS_Interrupt) refers to kernel.o(i.OS_KillProcessParent) for OS_KillProcessParent
    execute.o(i.OS_Interrupt) refers to rand.o(.text) for rand
    execute.o(i.OS_Interrupt) refers to kernel.o(i.OS_App_GetAppByID) for OS_App_GetAppByID
    execute.o(i.OS_Interrupt) refers to graphics.o(i.OS_GPU_Print_Word) for OS_GPU_Print_Word
    execute.o(i.OS_Interrupt) refers to graphics.o(i.OS_GPU_Print_SWord) for OS_GPU_Print_SWord
    execute.o(i.OS_Interrupt) refers to ffltui.o(.text) for __aeabi_ui2f
    execute.o(i.OS_Interrupt) refers to graphics.o(i.OS_GPU_Print_Float) for OS_GPU_Print_Float
    execute.o(i.Read_Word) refers to filesystem.o(i.OS_FS_Read) for OS_FS_Read
    process.o(i.OS_Proc_Create) refers to kernel.o(i.OS_Allocate) for OS_Allocate
    process.o(i.OS_Proc_Create) refers to list.o(i.OS_List_Init) for OS_List_Init
    process.o(i.OS_Proc_Create) refers to list.o(i.OS_List_GetAt) for OS_List_GetAt
    process.o(i.OS_Proc_Create) refers to list.o(i.OS_List_Add) for OS_List_Add
    process.o(i.OS_Proc_Create) refers to kernel.o(i.OS_Debug_Print) for OS_Debug_Print
    process.o(i.OS_Proc_Create) refers to kernel.o(.bss) for Processes
    process.o(i.OS_Proc_GetMemoryUsage) refers to list.o(i.OS_List_GetAt) for OS_List_GetAt
    process.o(i.OS_Proc_GetProcessByName) refers to list.o(i.OS_List_GetAt) for OS_List_GetAt
    process.o(i.OS_Proc_GetProcessByName) refers to kernel.o(.bss) for Processes
    process.o(i.OS_Proc_GetProcessByPID) refers to list.o(i.OS_List_GetAt) for OS_List_GetAt
    process.o(i.OS_Proc_GetProcessByPID) refers to kernel.o(.bss) for Processes
    process.o(i.OS_Proc_Terminate) refers to list.o(i.OS_List_GetLast) for OS_List_GetLast
    process.o(i.OS_Proc_Terminate) refers to kernel.o(i.OS_Debug_Print) for OS_Debug_Print
    process.o(i.OS_Proc_Terminate) refers to list.o(i.OS_List_Remove) for OS_List_Remove
    process.o(i.OS_Proc_Terminate) refers to malloc.o(i.free) for free
    process.o(i.OS_Proc_Terminate) refers to list.o(i.OS_List_RemoveLast) for OS_List_RemoveLast
    process.o(i.OS_Proc_Terminate) refers to kernel.o(.bss) for Processes
    rtc.o(i.RTCGetTime) refers to memcpya.o(.text) for __aeabi_memcpy4
    rtc.o(i.RTCInit) refers to rtc.o(.data) for .data
    rtc.o(i.RTC_Handler) refers to printfa.o(i.__0printf) for __2printf
    rtc.o(i.RTC_Handler) refers to rtc.o(.data) for .data
    uart.o(i.OS_UART_GetBlock) refers to lpc17xx_uart.o(i.UART_Receive) for UART_Receive
    uart.o(i.OS_UART_GetByte) refers to lpc17xx_uart.o(i.UART_ReceiveByte) for UART_ReceiveByte
    uart.o(i.OS_UART_Init) refers to lpc17xx_pinsel.o(i.PINSEL_ConfigPin) for PINSEL_ConfigPin
    uart.o(i.fputc) refers to lpc17xx_uart.o(i.UART_CheckBusy) for UART_CheckBusy
    uart.o(i.fputc) refers to lpc17xx_uart.o(i.UART_SendByte) for UART_SendByte
    thread.o(i.OS_Proc_Create) refers to kernel.o(i.OS_Allocate) for OS_Allocate
    thread.o(i.OS_Proc_Create) refers to list.o(i.OS_List_Init) for OS_List_Init
    thread.o(i.OS_Proc_Create) refers to list.o(i.OS_List_GetAt) for OS_List_GetAt
    thread.o(i.OS_Proc_Create) refers to list.o(i.OS_List_Add) for OS_List_Add
    thread.o(i.OS_Proc_Create) refers to kernel.o(i.OS_Debug_Print) for OS_Debug_Print
    thread.o(i.OS_Proc_Create) refers to kernel.o(.bss) for Processes
    thread.o(i.OS_Proc_GetMemoryUsage) refers to list.o(i.OS_List_GetAt) for OS_List_GetAt
    thread.o(i.OS_Proc_GetProcessByName) refers to list.o(i.OS_List_GetAt) for OS_List_GetAt
    thread.o(i.OS_Proc_GetProcessByName) refers to kernel.o(.bss) for Processes
    thread.o(i.OS_Proc_GetProcessByPID) refers to list.o(i.OS_List_GetAt) for OS_List_GetAt
    thread.o(i.OS_Proc_GetProcessByPID) refers to kernel.o(.bss) for Processes
    thread.o(i.OS_Proc_Terminate) refers to list.o(i.OS_List_GetLast) for OS_List_GetLast
    thread.o(i.OS_Proc_Terminate) refers to kernel.o(i.OS_Debug_Print) for OS_Debug_Print
    thread.o(i.OS_Proc_Terminate) refers to list.o(i.OS_List_Remove) for OS_List_Remove
    thread.o(i.OS_Proc_Terminate) refers to malloc.o(i.free) for free
    thread.o(i.OS_Proc_Terminate) refers to list.o(i.OS_List_RemoveLast) for OS_List_RemoveLast
    thread.o(i.OS_Proc_Terminate) refers to kernel.o(.bss) for Processes
    graphics.o(i.OS_GPU_DrawCircle) refers to screen.o(i.OS_GPU_SetPoint) for OS_GPU_SetPoint
    graphics.o(i.OS_GPU_DrawHorizontalLine) refers to screen.o(i.OS_GPU_SetPoint) for OS_GPU_SetPoint
    graphics.o(i.OS_GPU_DrawLine) refers to screen.o(i.OS_GPU_SetPoint) for OS_GPU_SetPoint
    graphics.o(i.OS_GPU_DrawRect) refers to graphics.o(i.OS_GPU_DrawHorizontalLine) for OS_GPU_DrawHorizontalLine
    graphics.o(i.OS_GPU_DrawRect) refers to graphics.o(i.OS_GPU_DrawVerticalLine) for OS_GPU_DrawVerticalLine
    graphics.o(i.OS_GPU_DrawRoundRect) refers to screen.o(i.OS_GPU_SetPoint) for OS_GPU_SetPoint
    graphics.o(i.OS_GPU_DrawRoundRect) refers to graphics.o(i.OS_GPU_DrawHorizontalLine) for OS_GPU_DrawHorizontalLine
    graphics.o(i.OS_GPU_DrawRoundRect) refers to graphics.o(i.OS_GPU_DrawVerticalLine) for OS_GPU_DrawVerticalLine
    graphics.o(i.OS_GPU_DrawVerticalLine) refers to screen.o(i.OS_GPU_SetPoint) for OS_GPU_SetPoint
    graphics.o(i.OS_GPU_FillCircle) refers to screen.o(i.OS_GPU_SetPoint) for OS_GPU_SetPoint
    graphics.o(i.OS_GPU_FillRect) refers to graphics.o(i.OS_GPU_DrawHorizontalLine) for OS_GPU_DrawHorizontalLine
    graphics.o(i.OS_GPU_FillRoundRect) refers to graphics.o(i.OS_GPU_DrawHorizontalLine) for OS_GPU_DrawHorizontalLine
    graphics.o(i.OS_GPU_Print_Char) refers to asciilib.o(i.GetASCIICode) for GetASCIICode
    graphics.o(i.OS_GPU_Print_Char) refers to screen.o(i.OS_GPU_SetPoint) for OS_GPU_SetPoint
    graphics.o(i.OS_GPU_Print_Float) refers to f2d.o(.text) for __aeabi_f2d
    graphics.o(i.OS_GPU_Print_Float) refers to printfa.o(i.__0sprintf) for __2sprintf
    graphics.o(i.OS_GPU_Print_Float) refers to graphics.o(i.OS_GPU_Print_Text) for OS_GPU_Print_Text
    graphics.o(i.OS_GPU_Print_SWord) refers to printfa.o(i.__0sprintf) for __2sprintf
    graphics.o(i.OS_GPU_Print_SWord) refers to graphics.o(i.OS_GPU_Print_Text) for OS_GPU_Print_Text
    graphics.o(i.OS_GPU_Print_Text) refers to graphics.o(i.OS_GPU_Print_Char) for OS_GPU_Print_Char
    graphics.o(i.OS_GPU_Print_Word) refers to printfa.o(i.__0sprintf) for __2sprintf
    graphics.o(i.OS_GPU_Print_Word) refers to graphics.o(i.OS_GPU_Print_Text) for OS_GPU_Print_Text
    screen.o(i.LCD_ReadReg) refers to screen.o(i.LCD_WriteIndex) for LCD_WriteIndex
    screen.o(i.LCD_ReadReg) refers to screen.o(i.LCD_ReadData) for LCD_ReadData
    screen.o(i.LCD_SetCursor) refers to screen.o(i.LCD_WriteReg) for LCD_WriteReg
    screen.o(i.LCD_SetCursor) refers to kernel.o(.data) for GPU
    screen.o(i.LCD_WriteData) refers to screen.o(i.LCD_Send) for LCD_Send
    screen.o(i.LCD_WriteIndex) refers to screen.o(i.LCD_Send) for LCD_Send
    screen.o(i.LCD_WriteReg) refers to screen.o(i.LCD_WriteIndex) for LCD_WriteIndex
    screen.o(i.LCD_WriteReg) refers to screen.o(i.LCD_WriteData) for LCD_WriteData
    screen.o(i.OS_GPU_Clear) refers to screen.o(i.LCD_SetCursor) for LCD_SetCursor
    screen.o(i.OS_GPU_Clear) refers to screen.o(i.LCD_WriteIndex) for LCD_WriteIndex
    screen.o(i.OS_GPU_Clear) refers to screen.o(i.LCD_WriteReg) for LCD_WriteReg
    screen.o(i.OS_GPU_Clear) refers to screen.o(i.LCD_WriteData) for LCD_WriteData
    screen.o(i.OS_GPU_Clear) refers to screen.o(.data) for .data
    screen.o(i.OS_GPU_Clear) refers to kernel.o(.data) for GPU
    screen.o(i.OS_GPU_DrawImage) refers to screen.o(i.LCD_SetCursor) for LCD_SetCursor
    screen.o(i.OS_GPU_DrawImage) refers to screen.o(i.LCD_WriteReg) for LCD_WriteReg
    screen.o(i.OS_GPU_DrawImage) refers to screen.o(.data) for .data
    screen.o(i.OS_GPU_DrawImage) refers to kernel.o(.data) for GPU
    screen.o(i.OS_GPU_GetPoint) refers to screen.o(i.LCD_SetCursor) for LCD_SetCursor
    screen.o(i.OS_GPU_GetPoint) refers to screen.o(i.LCD_WriteIndex) for LCD_WriteIndex
    screen.o(i.OS_GPU_GetPoint) refers to screen.o(i.LCD_ReadData) for LCD_ReadData
    screen.o(i.OS_GPU_GetPoint) refers to kernel.o(.data) for GPU
    screen.o(i.OS_GPU_Init) refers to screen.o(i.LCD_ReadReg) for LCD_ReadReg
    screen.o(i.OS_GPU_Init) refers to screen.o(i.LCD_WriteReg) for LCD_WriteReg
    screen.o(i.OS_GPU_Init) refers to screen.o(i.delay_ms) for delay_ms
    screen.o(i.OS_GPU_Init) refers to kernel.o(.data) for GPU
    screen.o(i.OS_GPU_SetPoint) refers to screen.o(i.LCD_SetCursor) for LCD_SetCursor
    screen.o(i.OS_GPU_SetPoint) refers to screen.o(i.LCD_WriteReg) for LCD_WriteReg
    screen.o(i.OS_GPU_SetPoint) refers to screen.o(.data) for .data
    screen.o(i.OS_GPU_SetPoint) refers to kernel.o(.data) for GPU
    asciilib.o(i.GetASCIICode) refers to memcpya.o(.text) for __aeabi_memcpy
    asciilib.o(i.GetASCIICode) refers to asciilib.o(.constdata) for .constdata
    procesor_cpu.o(i.OS_CPU_GetInfo) refers to system_lpc17xx.o(.data) for SystemCoreClock
    procesor_cpu.o(i.OS_CPU_GetInfo) refers to main.o(.data) for _stack
    procesor_cpu.o(i.OS_CPU_TurnOff) refers to lpc17xx_clkpwr.o(i.CLKPWR_DeepPowerDown) for CLKPWR_DeepPowerDown
    lpc17xx_adc.o(i.ADC_DeInit) refers to lpc17xx_clkpwr.o(i.CLKPWR_ConfigPPWR) for CLKPWR_ConfigPPWR
    lpc17xx_adc.o(i.ADC_Init) refers to lpc17xx_clkpwr.o(i.CLKPWR_ConfigPPWR) for CLKPWR_ConfigPPWR
    lpc17xx_adc.o(i.ADC_Init) refers to lpc17xx_clkpwr.o(i.CLKPWR_GetPCLK) for CLKPWR_GetPCLK
    lpc17xx_can.o(i.CAN_DeInit) refers to lpc17xx_clkpwr.o(i.CLKPWR_ConfigPPWR) for CLKPWR_ConfigPPWR
    lpc17xx_can.o(i.CAN_Init) refers to lpc17xx_clkpwr.o(i.CLKPWR_ConfigPPWR) for CLKPWR_ConfigPPWR
    lpc17xx_can.o(i.CAN_Init) refers to lpc17xx_clkpwr.o(i.CLKPWR_SetPCLKDiv) for CLKPWR_SetPCLKDiv
    lpc17xx_can.o(i.CAN_Init) refers to lpc17xx_can.o(i.can_SetBaudrate) for can_SetBaudrate
    lpc17xx_can.o(i.CAN_LoadExplicitEntry) refers to lpc17xx_can.o(.data) for .data
    lpc17xx_can.o(i.CAN_LoadFullCANEntry) refers to lpc17xx_can.o(.data) for .data
    lpc17xx_can.o(i.CAN_LoadGroupEntry) refers to lpc17xx_can.o(.data) for .data
    lpc17xx_can.o(i.CAN_RemoveEntry) refers to lpc17xx_can.o(.data) for .data
    lpc17xx_can.o(i.CAN_SetupAFLUT) refers to lpc17xx_can.o(.data) for .data
    lpc17xx_can.o(i.can_SetBaudrate) refers to lpc17xx_clkpwr.o(i.CLKPWR_GetPCLK) for CLKPWR_GetPCLK
    lpc17xx_clkpwr.o(i.CLKPWR_GetPCLK) refers to lpc17xx_clkpwr.o(i.CLKPWR_GetPCLKSEL) for CLKPWR_GetPCLKSEL
    lpc17xx_clkpwr.o(i.CLKPWR_GetPCLK) refers to system_lpc17xx.o(.data) for SystemCoreClock
    lpc17xx_dac.o(i.DAC_Init) refers to lpc17xx_dac.o(i.DAC_SetBias) for DAC_SetBias
    lpc17xx_emac.o(i.EMAC_CheckPHYStatus) refers to lpc17xx_emac.o(i.read_PHY) for read_PHY
    lpc17xx_emac.o(i.EMAC_CheckReceiveDataStatus) refers to lpc17xx_emac.o(.bss) for .bss
    lpc17xx_emac.o(i.EMAC_DeInit) refers to lpc17xx_clkpwr.o(i.CLKPWR_ConfigPPWR) for CLKPWR_ConfigPPWR
    lpc17xx_emac.o(i.EMAC_GetReceiveDataSize) refers to lpc17xx_emac.o(.bss) for .bss
    lpc17xx_emac.o(i.EMAC_Init) refers to lpc17xx_clkpwr.o(i.CLKPWR_ConfigPPWR) for CLKPWR_ConfigPPWR
    lpc17xx_emac.o(i.EMAC_Init) refers to lpc17xx_emac.o(i.write_PHY) for write_PHY
    lpc17xx_emac.o(i.EMAC_Init) refers to lpc17xx_emac.o(i.read_PHY) for read_PHY
    lpc17xx_emac.o(i.EMAC_Init) refers to lpc17xx_emac.o(i.EMAC_SetPHYMode) for EMAC_SetPHYMode
    lpc17xx_emac.o(i.EMAC_Init) refers to system_lpc17xx.o(.data) for SystemCoreClock
    lpc17xx_emac.o(i.EMAC_Init) refers to lpc17xx_emac.o(.constdata) for .constdata
    lpc17xx_emac.o(i.EMAC_Init) refers to lpc17xx_emac.o(.bss) for .bss
    lpc17xx_emac.o(i.EMAC_ReadPacketBuffer) refers to lpc17xx_emac.o(.bss) for .bss
    lpc17xx_emac.o(i.EMAC_SetHashFilter) refers to lpc17xx_emac.o(i.emac_CRCCalc) for emac_CRCCalc
    lpc17xx_emac.o(i.EMAC_SetPHYMode) refers to lpc17xx_emac.o(i.read_PHY) for read_PHY
    lpc17xx_emac.o(i.EMAC_SetPHYMode) refers to lpc17xx_emac.o(i.write_PHY) for write_PHY
    lpc17xx_emac.o(i.EMAC_SetPHYMode) refers to lpc17xx_emac.o(i.EMAC_UpdatePHYStatus) for EMAC_UpdatePHYStatus
    lpc17xx_emac.o(i.EMAC_UpdatePHYStatus) refers to lpc17xx_emac.o(i.read_PHY) for read_PHY
    lpc17xx_emac.o(i.EMAC_WritePacketBuffer) refers to lpc17xx_emac.o(.bss) for .bss
    lpc17xx_exti.o(i.EXTI_Config) refers to lpc17xx_exti.o(i.EXTI_SetMode) for EXTI_SetMode
    lpc17xx_exti.o(i.EXTI_Config) refers to lpc17xx_exti.o(i.EXTI_SetPolarity) for EXTI_SetPolarity
    lpc17xx_gpdma.o(i.GPDMA_ChannelCmd) refers to lpc17xx_gpdma.o(.data) for .data
    lpc17xx_gpdma.o(i.GPDMA_Init) refers to lpc17xx_clkpwr.o(i.CLKPWR_ConfigPPWR) for CLKPWR_ConfigPPWR
    lpc17xx_gpdma.o(i.GPDMA_Setup) refers to lpc17xx_gpdma.o(.data) for .data
    lpc17xx_gpdma.o(i.GPDMA_Setup) refers to lpc17xx_gpdma.o(.constdata) for .constdata
    lpc17xx_gpio.o(i.FIO_ByteClearValue) refers to lpc17xx_gpio.o(i.FIO_ByteGetPointer) for FIO_ByteGetPointer
    lpc17xx_gpio.o(i.FIO_ByteReadValue) refers to lpc17xx_gpio.o(i.FIO_ByteGetPointer) for FIO_ByteGetPointer
    lpc17xx_gpio.o(i.FIO_ByteSetDir) refers to lpc17xx_gpio.o(i.FIO_ByteGetPointer) for FIO_ByteGetPointer
    lpc17xx_gpio.o(i.FIO_ByteSetMask) refers to lpc17xx_gpio.o(i.FIO_ByteGetPointer) for FIO_ByteGetPointer
    lpc17xx_gpio.o(i.FIO_ByteSetValue) refers to lpc17xx_gpio.o(i.FIO_ByteGetPointer) for FIO_ByteGetPointer
    lpc17xx_gpio.o(i.FIO_ClearInt) refers to lpc17xx_gpio.o(i.GPIO_ClearInt) for GPIO_ClearInt
    lpc17xx_gpio.o(i.FIO_ClearValue) refers to lpc17xx_gpio.o(i.GPIO_ClearValue) for GPIO_ClearValue
    lpc17xx_gpio.o(i.FIO_GetIntStatus) refers to lpc17xx_gpio.o(i.GPIO_GetIntStatus) for GPIO_GetIntStatus
    lpc17xx_gpio.o(i.FIO_HalfWordClearValue) refers to lpc17xx_gpio.o(i.FIO_HalfWordGetPointer) for FIO_HalfWordGetPointer
    lpc17xx_gpio.o(i.FIO_HalfWordReadValue) refers to lpc17xx_gpio.o(i.FIO_HalfWordGetPointer) for FIO_HalfWordGetPointer
    lpc17xx_gpio.o(i.FIO_HalfWordSetDir) refers to lpc17xx_gpio.o(i.FIO_HalfWordGetPointer) for FIO_HalfWordGetPointer
    lpc17xx_gpio.o(i.FIO_HalfWordSetMask) refers to lpc17xx_gpio.o(i.FIO_HalfWordGetPointer) for FIO_HalfWordGetPointer
    lpc17xx_gpio.o(i.FIO_HalfWordSetValue) refers to lpc17xx_gpio.o(i.FIO_HalfWordGetPointer) for FIO_HalfWordGetPointer
    lpc17xx_gpio.o(i.FIO_IntCmd) refers to lpc17xx_gpio.o(i.GPIO_IntCmd) for GPIO_IntCmd
    lpc17xx_gpio.o(i.FIO_ReadValue) refers to lpc17xx_gpio.o(i.GPIO_ReadValue) for GPIO_ReadValue
    lpc17xx_gpio.o(i.FIO_SetDir) refers to lpc17xx_gpio.o(i.GPIO_SetDir) for GPIO_SetDir
    lpc17xx_gpio.o(i.FIO_SetMask) refers to lpc17xx_gpio.o(i.GPIO_GetPointer) for GPIO_GetPointer
    lpc17xx_gpio.o(i.FIO_SetValue) refers to lpc17xx_gpio.o(i.GPIO_SetValue) for GPIO_SetValue
    lpc17xx_gpio.o(i.GPIO_ClearValue) refers to lpc17xx_gpio.o(i.GPIO_GetPointer) for GPIO_GetPointer
    lpc17xx_gpio.o(i.GPIO_ReadValue) refers to lpc17xx_gpio.o(i.GPIO_GetPointer) for GPIO_GetPointer
    lpc17xx_gpio.o(i.GPIO_SetDir) refers to lpc17xx_gpio.o(i.GPIO_GetPointer) for GPIO_GetPointer
    lpc17xx_gpio.o(i.GPIO_SetValue) refers to lpc17xx_gpio.o(i.GPIO_GetPointer) for GPIO_GetPointer
    lpc17xx_i2c.o(i.I2C_DeInit) refers to lpc17xx_clkpwr.o(i.CLKPWR_ConfigPPWR) for CLKPWR_ConfigPPWR
    lpc17xx_i2c.o(i.I2C_Init) refers to lpc17xx_clkpwr.o(i.CLKPWR_ConfigPPWR) for CLKPWR_ConfigPPWR
    lpc17xx_i2c.o(i.I2C_Init) refers to lpc17xx_clkpwr.o(i.CLKPWR_SetPCLKDiv) for CLKPWR_SetPCLKDiv
    lpc17xx_i2c.o(i.I2C_Init) refers to lpc17xx_clkpwr.o(i.CLKPWR_GetPCLK) for CLKPWR_GetPCLK
    lpc17xx_i2c.o(i.I2C_IntCmd) refers to lpc17xx_i2c.o(i.NVIC_EnableIRQ) for NVIC_EnableIRQ
    lpc17xx_i2c.o(i.I2C_IntCmd) refers to lpc17xx_i2c.o(i.NVIC_DisableIRQ) for NVIC_DisableIRQ
    lpc17xx_i2c.o(i.I2C_MasterHandler) refers to lpc17xx_i2c.o(i.I2C_getNum) for I2C_getNum
    lpc17xx_i2c.o(i.I2C_MasterHandler) refers to lpc17xx_i2c.o(i.I2C_IntCmd) for I2C_IntCmd
    lpc17xx_i2c.o(i.I2C_MasterHandler) refers to lpc17xx_i2c.o(i.I2C_Stop) for I2C_Stop
    lpc17xx_i2c.o(i.I2C_MasterHandler) refers to lpc17xx_i2c.o(.bss) for .bss
    lpc17xx_i2c.o(i.I2C_MasterTransferComplete) refers to lpc17xx_i2c.o(i.I2C_getNum) for I2C_getNum
    lpc17xx_i2c.o(i.I2C_MasterTransferComplete) refers to lpc17xx_i2c.o(.bss) for .bss
    lpc17xx_i2c.o(i.I2C_MasterTransferData) refers to lpc17xx_i2c.o(i.I2C_Start) for I2C_Start
    lpc17xx_i2c.o(i.I2C_MasterTransferData) refers to lpc17xx_i2c.o(i.I2C_SendByte) for I2C_SendByte
    lpc17xx_i2c.o(i.I2C_MasterTransferData) refers to lpc17xx_i2c.o(i.I2C_GetByte) for I2C_GetByte
    lpc17xx_i2c.o(i.I2C_MasterTransferData) refers to lpc17xx_i2c.o(i.I2C_Stop) for I2C_Stop
    lpc17xx_i2c.o(i.I2C_MasterTransferData) refers to lpc17xx_i2c.o(i.I2C_getNum) for I2C_getNum
    lpc17xx_i2c.o(i.I2C_MasterTransferData) refers to lpc17xx_i2c.o(i.I2C_IntCmd) for I2C_IntCmd
    lpc17xx_i2c.o(i.I2C_MasterTransferData) refers to lpc17xx_i2c.o(.bss) for .bss
    lpc17xx_i2c.o(i.I2C_MonitorHandler) refers to lpc17xx_i2c.o(.data) for .data
    lpc17xx_i2c.o(i.I2C_MonitorModeCmd) refers to lpc17xx_i2c.o(.data) for .data
    lpc17xx_i2c.o(i.I2C_SlaveHandler) refers to lpc17xx_i2c.o(i.I2C_getNum) for I2C_getNum
    lpc17xx_i2c.o(i.I2C_SlaveHandler) refers to lpc17xx_i2c.o(i.I2C_IntCmd) for I2C_IntCmd
    lpc17xx_i2c.o(i.I2C_SlaveHandler) refers to lpc17xx_i2c.o(.bss) for .bss
    lpc17xx_i2c.o(i.I2C_SlaveTransferComplete) refers to lpc17xx_i2c.o(i.I2C_getNum) for I2C_getNum
    lpc17xx_i2c.o(i.I2C_SlaveTransferComplete) refers to lpc17xx_i2c.o(.bss) for .bss
    lpc17xx_i2c.o(i.I2C_SlaveTransferData) refers to lpc17xx_i2c.o(i.I2C_getNum) for I2C_getNum
    lpc17xx_i2c.o(i.I2C_SlaveTransferData) refers to lpc17xx_i2c.o(i.I2C_IntCmd) for I2C_IntCmd
    lpc17xx_i2c.o(i.I2C_SlaveTransferData) refers to lpc17xx_i2c.o(.bss) for .bss
    lpc17xx_i2s.o(i.I2S_DeInit) refers to lpc17xx_clkpwr.o(i.CLKPWR_ConfigPPWR) for CLKPWR_ConfigPPWR
    lpc17xx_i2s.o(i.I2S_FreqConfig) refers to lpc17xx_clkpwr.o(i.CLKPWR_GetPCLK) for CLKPWR_GetPCLK
    lpc17xx_i2s.o(i.I2S_FreqConfig) refers to lpc17xx_i2s.o(i.i2s_GetChannel) for i2s_GetChannel
    lpc17xx_i2s.o(i.I2S_FreqConfig) refers to lpc17xx_i2s.o(i.i2s_GetWordWidth) for i2s_GetWordWidth
    lpc17xx_i2s.o(i.I2S_Init) refers to lpc17xx_clkpwr.o(i.CLKPWR_ConfigPPWR) for CLKPWR_ConfigPPWR
    lpc17xx_mcpwm.o(i.MCPWM_Init) refers to lpc17xx_clkpwr.o(i.CLKPWR_ConfigPPWR) for CLKPWR_ConfigPPWR
    lpc17xx_pwm.o(i.PWM_DeInit) refers to lpc17xx_clkpwr.o(i.CLKPWR_ConfigPPWR) for CLKPWR_ConfigPPWR
    lpc17xx_pwm.o(i.PWM_Init) refers to lpc17xx_clkpwr.o(i.CLKPWR_ConfigPPWR) for CLKPWR_ConfigPPWR
    lpc17xx_pwm.o(i.PWM_Init) refers to lpc17xx_clkpwr.o(i.CLKPWR_SetPCLKDiv) for CLKPWR_SetPCLKDiv
    lpc17xx_pwm.o(i.PWM_Init) refers to lpc17xx_clkpwr.o(i.CLKPWR_GetPCLK) for CLKPWR_GetPCLK
    lpc17xx_pwm.o(i.PWM_Init) refers to uldiv.o(.text) for __aeabi_uldivmod
    lpc17xx_qei.o(i.QEI_CalculateRPM) refers to lpc17xx_clkpwr.o(i.CLKPWR_GetPCLK) for CLKPWR_GetPCLK
    lpc17xx_qei.o(i.QEI_CalculateRPM) refers to uldiv.o(.text) for __aeabi_uldivmod
    lpc17xx_qei.o(i.QEI_DeInit) refers to lpc17xx_clkpwr.o(i.CLKPWR_ConfigPPWR) for CLKPWR_ConfigPPWR
    lpc17xx_qei.o(i.QEI_Init) refers to lpc17xx_clkpwr.o(i.CLKPWR_ConfigPPWR) for CLKPWR_ConfigPPWR
    lpc17xx_qei.o(i.QEI_Init) refers to lpc17xx_clkpwr.o(i.CLKPWR_SetPCLKDiv) for CLKPWR_SetPCLKDiv
    lpc17xx_qei.o(i.QEI_SetTimerReload) refers to lpc17xx_clkpwr.o(i.CLKPWR_GetPCLK) for CLKPWR_GetPCLK
    lpc17xx_qei.o(i.QEI_SetTimerReload) refers to uldiv.o(.text) for __aeabi_uldivmod
    lpc17xx_rit.o(i.RIT_DeInit) refers to lpc17xx_clkpwr.o(i.CLKPWR_ConfigPPWR) for CLKPWR_ConfigPPWR
    lpc17xx_rit.o(i.RIT_Init) refers to lpc17xx_clkpwr.o(i.CLKPWR_ConfigPPWR) for CLKPWR_ConfigPPWR
    lpc17xx_rit.o(i.RIT_TimerConfig) refers to lpc17xx_clkpwr.o(i.CLKPWR_GetPCLK) for CLKPWR_GetPCLK
    lpc17xx_rtc.o(i.RTC_DeInit) refers to lpc17xx_clkpwr.o(i.CLKPWR_ConfigPPWR) for CLKPWR_ConfigPPWR
    lpc17xx_rtc.o(i.RTC_Init) refers to lpc17xx_clkpwr.o(i.CLKPWR_ConfigPPWR) for CLKPWR_ConfigPPWR
    lpc17xx_spi.o(i.SPI_DeInit) refers to lpc17xx_clkpwr.o(i.CLKPWR_ConfigPPWR) for CLKPWR_ConfigPPWR
    lpc17xx_spi.o(i.SPI_Init) refers to lpc17xx_clkpwr.o(i.CLKPWR_ConfigPPWR) for CLKPWR_ConfigPPWR
    lpc17xx_spi.o(i.SPI_Init) refers to lpc17xx_spi.o(i.SPI_SetClock) for SPI_SetClock
    lpc17xx_spi.o(i.SPI_ReadWrite) refers to lpc17xx_spi.o(i.SPI_IntCmd) for SPI_IntCmd
    lpc17xx_spi.o(i.SPI_SetClock) refers to lpc17xx_clkpwr.o(i.CLKPWR_GetPCLK) for CLKPWR_GetPCLK
    lpc17xx_ssp.o(i.SSP_DeInit) refers to lpc17xx_clkpwr.o(i.CLKPWR_ConfigPPWR) for CLKPWR_ConfigPPWR
    lpc17xx_ssp.o(i.SSP_Init) refers to lpc17xx_clkpwr.o(i.CLKPWR_ConfigPPWR) for CLKPWR_ConfigPPWR
    lpc17xx_ssp.o(i.SSP_Init) refers to lpc17xx_clkpwr.o(i.CLKPWR_GetPCLK) for CLKPWR_GetPCLK
    lpc17xx_systick.o(i.SYSTICK_ExternalInit) refers to ffltui.o(.text) for __aeabi_ui2f
    lpc17xx_systick.o(i.SYSTICK_ExternalInit) refers to cfrcmple.o(.text) for __aeabi_cfrcmple
    lpc17xx_systick.o(i.SYSTICK_InternalInit) refers to ffltui.o(.text) for __aeabi_ui2f
    lpc17xx_systick.o(i.SYSTICK_InternalInit) refers to cfrcmple.o(.text) for __aeabi_cfrcmple
    lpc17xx_systick.o(i.SYSTICK_InternalInit) refers to system_lpc17xx.o(.data) for SystemCoreClock
    lpc17xx_timer.o(i.TIM_DeInit) refers to lpc17xx_clkpwr.o(i.CLKPWR_ConfigPPWR) for CLKPWR_ConfigPPWR
    lpc17xx_timer.o(i.TIM_Init) refers to lpc17xx_clkpwr.o(i.CLKPWR_ConfigPPWR) for CLKPWR_ConfigPPWR
    lpc17xx_timer.o(i.TIM_Init) refers to lpc17xx_clkpwr.o(i.CLKPWR_SetPCLKDiv) for CLKPWR_SetPCLKDiv
    lpc17xx_timer.o(i.TIM_Init) refers to lpc17xx_clkpwr.o(i.CLKPWR_GetPCLK) for CLKPWR_GetPCLK
    lpc17xx_timer.o(i.TIM_Init) refers to uldiv.o(.text) for __aeabi_uldivmod
    lpc17xx_uart.o(i.UART_DeInit) refers to lpc17xx_uart.o(i.UART_TxCmd) for UART_TxCmd
    lpc17xx_uart.o(i.UART_DeInit) refers to lpc17xx_clkpwr.o(i.CLKPWR_ConfigPPWR) for CLKPWR_ConfigPPWR
    lpc17xx_uart.o(i.UART_Init) refers to lpc17xx_clkpwr.o(i.CLKPWR_ConfigPPWR) for CLKPWR_ConfigPPWR
    lpc17xx_uart.o(i.UART_Init) refers to lpc17xx_uart.o(i.uart_set_divisors) for uart_set_divisors
    lpc17xx_uart.o(i.UART_RS485Send) refers to lpc17xx_uart.o(i.UART_Send) for UART_Send
    lpc17xx_uart.o(i.UART_RS485SendData) refers to lpc17xx_uart.o(i.UART_RS485Send) for UART_RS485Send
    lpc17xx_uart.o(i.UART_RS485SendSlvAddr) refers to lpc17xx_uart.o(i.UART_RS485Send) for UART_RS485Send
    lpc17xx_uart.o(i.UART_Receive) refers to lpc17xx_uart.o(i.UART_ReceiveByte) for UART_ReceiveByte
    lpc17xx_uart.o(i.UART_Send) refers to lpc17xx_uart.o(i.UART_SendByte) for UART_SendByte
    lpc17xx_uart.o(i.uart_set_divisors) refers to lpc17xx_clkpwr.o(i.CLKPWR_GetPCLK) for CLKPWR_GetPCLK
    lpc17xx_uart.o(i.uart_set_divisors) refers to uldiv.o(.text) for __aeabi_uldivmod
    lpc17xx_wdt.o(i.WDT_Init) refers to lpc17xx_clkpwr.o(i.CLKPWR_SetPCLKDiv) for CLKPWR_SetPCLKDiv
    lpc17xx_wdt.o(i.WDT_SetTimeOut) refers to lpc17xx_clkpwr.o(i.CLKPWR_SetPCLKDiv) for CLKPWR_SetPCLKDiv
    lpc17xx_wdt.o(i.WDT_SetTimeOut) refers to system_lpc17xx.o(.data) for SystemCoreClock
    lpc17xx_wdt.o(i.WDT_Start) refers to lpc17xx_wdt.o(i.WDT_SetTimeOut) for WDT_SetTimeOut
    lpc17xx_wdt.o(i.WDT_Start) refers to lpc17xx_wdt.o(i.WDT_Feed) for WDT_Feed
    lpc17xx_wdt.o(i.WDT_UpdateTimeOut) refers to lpc17xx_wdt.o(i.WDT_SetTimeOut) for WDT_SetTimeOut
    lpc17xx_wdt.o(i.WDT_UpdateTimeOut) refers to lpc17xx_wdt.o(i.WDT_Feed) for WDT_Feed
    system_lpc17xx.o(i.SystemCoreClockUpdate) refers to system_lpc17xx.o(.data) for .data
    diskio.o(i.disk_initialize) refers to spi_msd_driver.o(i.MSD_Init) for MSD_Init
    diskio.o(i.disk_ioctl) refers to spi_msd_driver.o(i.MSD_GetCardInfo) for MSD_GetCardInfo
    diskio.o(i.disk_ioctl) refers to spi_msd_driver.o(.bss) for CardInfo
    diskio.o(i.disk_read) refers to spi_msd_driver.o(i.MSD_ReadMultiBlock) for MSD_ReadMultiBlock
    diskio.o(i.disk_read) refers to spi_msd_driver.o(i.MSD_ReadSingleBlock) for MSD_ReadSingleBlock
    diskio.o(i.disk_write) refers to spi_msd_driver.o(i.MSD_WriteMultiBlock) for MSD_WriteMultiBlock
    diskio.o(i.disk_write) refers to spi_msd_driver.o(i.MSD_WriteSingleBlock) for MSD_WriteSingleBlock
    ff.o(i.check_fs) refers to diskio.o(i.disk_read) for disk_read
    ff.o(i.chk_mounted) refers to diskio.o(i.disk_status) for disk_status
    ff.o(i.chk_mounted) refers to diskio.o(i.disk_initialize) for disk_initialize
    ff.o(i.chk_mounted) refers to ff.o(i.check_fs) for check_fs
    ff.o(i.chk_mounted) refers to diskio.o(i.disk_read) for disk_read
    ff.o(i.chk_mounted) refers to ff.o(.data) for .data
    ff.o(i.create_chain) refers to ff.o(i.get_fat) for get_fat
    ff.o(i.create_chain) refers to ff.o(i.put_fat) for put_fat
    ff.o(i.create_name) refers to ccsbcs.o(i.ff_convert) for ff_convert
    ff.o(i.create_name) refers to ff.o(i.chk_chr) for chk_chr
    ff.o(i.create_name) refers to ff.o(i.mem_set) for mem_set
    ff.o(i.create_name) refers to ff.o(.constdata) for .constdata
    ff.o(i.dir_alloc) refers to ff.o(i.dir_sdi) for dir_sdi
    ff.o(i.dir_alloc) refers to ff.o(i.move_window) for move_window
    ff.o(i.dir_alloc) refers to ff.o(i.dir_next) for dir_next
    ff.o(i.dir_find) refers to ff.o(i.dir_sdi) for dir_sdi
    ff.o(i.dir_find) refers to ff.o(i.move_window) for move_window
    ff.o(i.dir_find) refers to ccsbcs.o(i.ff_wtoupper) for ff_wtoupper
    ff.o(i.dir_find) refers to ff.o(i.sum_sfn) for sum_sfn
    ff.o(i.dir_find) refers to ff.o(i.dir_next) for dir_next
    ff.o(i.dir_find) refers to ff.o(.constdata) for .constdata
    ff.o(i.dir_next) refers to ff.o(i.get_fat) for get_fat
    ff.o(i.dir_next) refers to ff.o(i.create_chain) for create_chain
    ff.o(i.dir_next) refers to ff.o(i.sync_window) for sync_window
    ff.o(i.dir_next) refers to ff.o(i.mem_set) for mem_set
    ff.o(i.dir_next) refers to ff.o(i.clust2sect) for clust2sect
    ff.o(i.dir_read) refers to ff.o(i.move_window) for move_window
    ff.o(i.dir_read) refers to ff.o(i.dir_next) for dir_next
    ff.o(i.dir_read) refers to ff.o(i.sum_sfn) for sum_sfn
    ff.o(i.dir_read) refers to ff.o(.constdata) for .constdata
    ff.o(i.dir_register) refers to ff.o(i.mem_cpy) for mem_cpy
    ff.o(i.dir_register) refers to ff.o(i.gen_numname) for gen_numname
    ff.o(i.dir_register) refers to ff.o(i.dir_find) for dir_find
    ff.o(i.dir_register) refers to ff.o(i.dir_alloc) for dir_alloc
    ff.o(i.dir_register) refers to ff.o(i.dir_sdi) for dir_sdi
    ff.o(i.dir_register) refers to ff.o(i.sum_sfn) for sum_sfn
    ff.o(i.dir_register) refers to ff.o(i.move_window) for move_window
    ff.o(i.dir_register) refers to ff.o(i.dir_next) for dir_next
    ff.o(i.dir_register) refers to ff.o(i.mem_set) for mem_set
    ff.o(i.dir_register) refers to ff.o(.constdata) for .constdata
    ff.o(i.dir_remove) refers to ff.o(i.dir_sdi) for dir_sdi
    ff.o(i.dir_remove) refers to ff.o(i.move_window) for move_window
    ff.o(i.dir_remove) refers to ff.o(i.dir_next) for dir_next
    ff.o(i.dir_sdi) refers to ff.o(i.get_fat) for get_fat
    ff.o(i.dir_sdi) refers to ff.o(i.clust2sect) for clust2sect
    ff.o(i.f_chmod) refers to ff.o(i.chk_mounted) for chk_mounted
    ff.o(i.f_chmod) refers to malloc.o(i.malloc) for malloc
    ff.o(i.f_chmod) refers to ff.o(i.follow_path) for follow_path
    ff.o(i.f_chmod) refers to malloc.o(i.free) for free
    ff.o(i.f_chmod) refers to ff.o(i.sync_fs) for sync_fs
    ff.o(i.f_close) refers to ff.o(i.f_sync) for f_sync
    ff.o(i.f_getfree) refers to ff.o(i.chk_mounted) for chk_mounted
    ff.o(i.f_getfree) refers to ff.o(i.get_fat) for get_fat
    ff.o(i.f_getfree) refers to ff.o(i.move_window) for move_window
    ff.o(i.f_getlabel) refers to ff.o(i.chk_mounted) for chk_mounted
    ff.o(i.f_getlabel) refers to ff.o(i.dir_sdi) for dir_sdi
    ff.o(i.f_getlabel) refers to ff.o(i.dir_read) for dir_read
    ff.o(i.f_getlabel) refers to ff.o(i.mem_cpy) for mem_cpy
    ff.o(i.f_getlabel) refers to ff.o(i.move_window) for move_window
    ff.o(i.f_gets) refers to ff.o(i.f_read) for f_read
    ff.o(i.f_lseek) refers to ff.o(i.validate) for validate
    ff.o(i.f_lseek) refers to ff.o(i.create_chain) for create_chain
    ff.o(i.f_lseek) refers to ff.o(i.get_fat) for get_fat
    ff.o(i.f_lseek) refers to ff.o(i.clust2sect) for clust2sect
    ff.o(i.f_lseek) refers to diskio.o(i.disk_write) for disk_write
    ff.o(i.f_lseek) refers to diskio.o(i.disk_read) for disk_read
    ff.o(i.f_mkdir) refers to diskio.o(i.get_fattime) for get_fattime
    ff.o(i.f_mkdir) refers to ff.o(i.chk_mounted) for chk_mounted
    ff.o(i.f_mkdir) refers to malloc.o(i.malloc) for malloc
    ff.o(i.f_mkdir) refers to ff.o(i.follow_path) for follow_path
    ff.o(i.f_mkdir) refers to ff.o(i.create_chain) for create_chain
    ff.o(i.f_mkdir) refers to ff.o(i.sync_window) for sync_window
    ff.o(i.f_mkdir) refers to ff.o(i.clust2sect) for clust2sect
    ff.o(i.f_mkdir) refers to ff.o(i.mem_set) for mem_set
    ff.o(i.f_mkdir) refers to ff.o(i.st_clust) for st_clust
    ff.o(i.f_mkdir) refers to ff.o(i.mem_cpy) for mem_cpy
    ff.o(i.f_mkdir) refers to ff.o(i.dir_register) for dir_register
    ff.o(i.f_mkdir) refers to ff.o(i.remove_chain) for remove_chain
    ff.o(i.f_mkdir) refers to ff.o(i.sync_fs) for sync_fs
    ff.o(i.f_mkdir) refers to malloc.o(i.free) for free
    ff.o(i.f_mount) refers to ff.o(.data) for .data
    ff.o(i.f_open) refers to ff.o(i.chk_mounted) for chk_mounted
    ff.o(i.f_open) refers to malloc.o(i.malloc) for malloc
    ff.o(i.f_open) refers to ff.o(i.follow_path) for follow_path
    ff.o(i.f_open) refers to ff.o(i.dir_register) for dir_register
    ff.o(i.f_open) refers to diskio.o(i.get_fattime) for get_fattime
    ff.o(i.f_open) refers to ff.o(i.ld_clust) for ld_clust
    ff.o(i.f_open) refers to ff.o(i.st_clust) for st_clust
    ff.o(i.f_open) refers to ff.o(i.remove_chain) for remove_chain
    ff.o(i.f_open) refers to ff.o(i.move_window) for move_window
    ff.o(i.f_open) refers to malloc.o(i.free) for free
    ff.o(i.f_opendir) refers to ff.o(i.chk_mounted) for chk_mounted
    ff.o(i.f_opendir) refers to malloc.o(i.malloc) for malloc
    ff.o(i.f_opendir) refers to ff.o(i.follow_path) for follow_path
    ff.o(i.f_opendir) refers to malloc.o(i.free) for free
    ff.o(i.f_opendir) refers to ff.o(i.ld_clust) for ld_clust
    ff.o(i.f_opendir) refers to ff.o(i.dir_sdi) for dir_sdi
    ff.o(i.f_printf) refers to ff.o(i.f_putc) for f_putc
    ff.o(i.f_printf) refers to ff.o(i.f_puts) for f_puts
    ff.o(i.f_putc) refers to ff.o(i.f_write) for f_write
    ff.o(i.f_puts) refers to ff.o(i.f_putc) for f_putc
    ff.o(i.f_read) refers to ff.o(i.validate) for validate
    ff.o(i.f_read) refers to ff.o(i.get_fat) for get_fat
    ff.o(i.f_read) refers to ff.o(i.clust2sect) for clust2sect
    ff.o(i.f_read) refers to diskio.o(i.disk_read) for disk_read
    ff.o(i.f_read) refers to ff.o(i.mem_cpy) for mem_cpy
    ff.o(i.f_read) refers to diskio.o(i.disk_write) for disk_write
    ff.o(i.f_readdir) refers to ff.o(i.validate) for validate
    ff.o(i.f_readdir) refers to malloc.o(i.malloc) for malloc
    ff.o(i.f_readdir) refers to ff.o(i.dir_read) for dir_read
    ff.o(i.f_readdir) refers to ff.o(i.dir_sdi) for dir_sdi
    ff.o(i.f_readdir) refers to ff.o(i.get_fileinfo) for get_fileinfo
    ff.o(i.f_readdir) refers to ff.o(i.dir_next) for dir_next
    ff.o(i.f_readdir) refers to malloc.o(i.free) for free
    ff.o(i.f_rename) refers to ff.o(i.chk_mounted) for chk_mounted
    ff.o(i.f_rename) refers to malloc.o(i.malloc) for malloc
    ff.o(i.f_rename) refers to ff.o(i.follow_path) for follow_path
    ff.o(i.f_rename) refers to ff.o(i.mem_cpy) for mem_cpy
    ff.o(i.f_rename) refers to ff.o(i.dir_register) for dir_register
    ff.o(i.f_rename) refers to ff.o(i.ld_clust) for ld_clust
    ff.o(i.f_rename) refers to ff.o(i.clust2sect) for clust2sect
    ff.o(i.f_rename) refers to ff.o(i.move_window) for move_window
    ff.o(i.f_rename) refers to ff.o(i.st_clust) for st_clust
    ff.o(i.f_rename) refers to ff.o(i.dir_remove) for dir_remove
    ff.o(i.f_rename) refers to ff.o(i.sync_fs) for sync_fs
    ff.o(i.f_rename) refers to malloc.o(i.free) for free
    ff.o(i.f_setlabel) refers to ff.o(i.chk_mounted) for chk_mounted
    ff.o(i.f_setlabel) refers to ccsbcs.o(i.ff_convert) for ff_convert
    ff.o(i.f_setlabel) refers to ccsbcs.o(i.ff_wtoupper) for ff_wtoupper
    ff.o(i.f_setlabel) refers to ff.o(i.chk_chr) for chk_chr
    ff.o(i.f_setlabel) refers to ff.o(i.dir_sdi) for dir_sdi
    ff.o(i.f_setlabel) refers to ff.o(i.dir_read) for dir_read
    ff.o(i.f_setlabel) refers to ff.o(i.dir_alloc) for dir_alloc
    ff.o(i.f_setlabel) refers to ff.o(i.mem_set) for mem_set
    ff.o(i.f_setlabel) refers to ff.o(i.mem_cpy) for mem_cpy
    ff.o(i.f_setlabel) refers to diskio.o(i.get_fattime) for get_fattime
    ff.o(i.f_setlabel) refers to ff.o(i.sync_fs) for sync_fs
    ff.o(i.f_stat) refers to ff.o(i.chk_mounted) for chk_mounted
    ff.o(i.f_stat) refers to malloc.o(i.malloc) for malloc
    ff.o(i.f_stat) refers to ff.o(i.follow_path) for follow_path
    ff.o(i.f_stat) refers to ff.o(i.get_fileinfo) for get_fileinfo
    ff.o(i.f_stat) refers to malloc.o(i.free) for free
    ff.o(i.f_sync) refers to ff.o(i.validate) for validate
    ff.o(i.f_sync) refers to diskio.o(i.disk_write) for disk_write
    ff.o(i.f_sync) refers to ff.o(i.move_window) for move_window
    ff.o(i.f_sync) refers to ff.o(i.st_clust) for st_clust
    ff.o(i.f_sync) refers to diskio.o(i.get_fattime) for get_fattime
    ff.o(i.f_sync) refers to ff.o(i.sync_fs) for sync_fs
    ff.o(i.f_truncate) refers to ff.o(i.validate) for validate
    ff.o(i.f_truncate) refers to ff.o(i.get_fat) for get_fat
    ff.o(i.f_truncate) refers to ff.o(i.remove_chain) for remove_chain
    ff.o(i.f_truncate) refers to ff.o(i.put_fat) for put_fat
    ff.o(i.f_unlink) refers to ff.o(i.chk_mounted) for chk_mounted
    ff.o(i.f_unlink) refers to malloc.o(i.malloc) for malloc
    ff.o(i.f_unlink) refers to ff.o(i.follow_path) for follow_path
    ff.o(i.f_unlink) refers to ff.o(i.ld_clust) for ld_clust
    ff.o(i.f_unlink) refers to ff.o(i.mem_cpy) for mem_cpy
    ff.o(i.f_unlink) refers to ff.o(i.dir_sdi) for dir_sdi
    ff.o(i.f_unlink) refers to ff.o(i.dir_read) for dir_read
    ff.o(i.f_unlink) refers to ff.o(i.dir_remove) for dir_remove
    ff.o(i.f_unlink) refers to ff.o(i.remove_chain) for remove_chain
    ff.o(i.f_unlink) refers to ff.o(i.sync_fs) for sync_fs
    ff.o(i.f_unlink) refers to malloc.o(i.free) for free
    ff.o(i.f_utime) refers to ff.o(i.chk_mounted) for chk_mounted
    ff.o(i.f_utime) refers to malloc.o(i.malloc) for malloc
    ff.o(i.f_utime) refers to ff.o(i.follow_path) for follow_path
    ff.o(i.f_utime) refers to malloc.o(i.free) for free
    ff.o(i.f_utime) refers to ff.o(i.sync_fs) for sync_fs
    ff.o(i.f_write) refers to ff.o(i.validate) for validate
    ff.o(i.f_write) refers to ff.o(i.create_chain) for create_chain
    ff.o(i.f_write) refers to diskio.o(i.disk_write) for disk_write
    ff.o(i.f_write) refers to ff.o(i.clust2sect) for clust2sect
    ff.o(i.f_write) refers to ff.o(i.mem_cpy) for mem_cpy
    ff.o(i.f_write) refers to diskio.o(i.disk_read) for disk_read
    ff.o(i.follow_path) refers to ff.o(i.dir_sdi) for dir_sdi
    ff.o(i.follow_path) refers to ff.o(i.create_name) for create_name
    ff.o(i.follow_path) refers to ff.o(i.dir_find) for dir_find
    ff.o(i.follow_path) refers to ff.o(i.ld_clust) for ld_clust
    ff.o(i.gen_numname) refers to ff.o(i.mem_cpy) for mem_cpy
    ff.o(i.get_fat) refers to ff.o(i.move_window) for move_window
    ff.o(i.get_fileinfo) refers to ccsbcs.o(i.ff_convert) for ff_convert
    ff.o(i.move_window) refers to ff.o(i.sync_window) for sync_window
    ff.o(i.move_window) refers to diskio.o(i.disk_read) for disk_read
    ff.o(i.put_fat) refers to ff.o(i.move_window) for move_window
    ff.o(i.remove_chain) refers to ff.o(i.get_fat) for get_fat
    ff.o(i.remove_chain) refers to ff.o(i.put_fat) for put_fat
    ff.o(i.sync_fs) refers to ff.o(i.sync_window) for sync_window
    ff.o(i.sync_fs) refers to ff.o(i.mem_set) for mem_set
    ff.o(i.sync_fs) refers to diskio.o(i.disk_write) for disk_write
    ff.o(i.sync_fs) refers to diskio.o(i.disk_ioctl) for disk_ioctl
    ff.o(i.sync_window) refers to diskio.o(i.disk_write) for disk_write
    ff.o(i.validate) refers to diskio.o(i.disk_status) for disk_status
    ccsbcs.o(i.ff_convert) refers to ccsbcs.o(.constdata) for .constdata
    ccsbcs.o(i.ff_wtoupper) refers to ccsbcs.o(.constdata) for .constdata
    cos.o(i.__softfp_cos) refers (Special) to iusefp.o(.text) for __I$use$fp
    cos.o(i.__softfp_cos) refers to cos.o(i.cos) for cos
    cos.o(i.cos) refers (Special) to iusefp.o(.text) for __I$use$fp
    cos.o(i.cos) refers to errno.o(i.__set_errno) for __set_errno
    cos.o(i.cos) refers to ddiv.o(.text) for __aeabi_ddiv
    cos.o(i.cos) refers to dscalb.o(.text) for __ARM_scalbn
    cos.o(i.cos) refers to rred.o(i.__ieee754_rem_pio2) for __ieee754_rem_pio2
    cos.o(i.cos) refers to sin_i.o(i.__kernel_sin) for __kernel_sin
    cos.o(i.cos) refers to cos_i.o(i.__kernel_cos) for __kernel_cos
    cos_x.o(i.____softfp_cos$lsc) refers (Special) to iusefp.o(.text) for __I$use$fp
    cos_x.o(i.____softfp_cos$lsc) refers to cos_x.o(i.__cos$lsc) for __cos$lsc
    cos_x.o(i.__cos$lsc) refers (Special) to iusefp.o(.text) for __I$use$fp
    cos_x.o(i.__cos$lsc) refers to errno.o(i.__set_errno) for __set_errno
    cos_x.o(i.__cos$lsc) refers to dscalb.o(.text) for __ARM_scalbn
    cos_x.o(i.__cos$lsc) refers to rred.o(i.__ieee754_rem_pio2) for __ieee754_rem_pio2
    cos_x.o(i.__cos$lsc) refers to sin_i.o(i.__kernel_sin) for __kernel_sin
    cos_x.o(i.__cos$lsc) refers to cos_i.o(i.__kernel_cos) for __kernel_cos
    sin.o(i.__softfp_sin) refers (Special) to iusefp.o(.text) for __I$use$fp
    sin.o(i.__softfp_sin) refers to sin.o(i.sin) for sin
    sin.o(i.sin) refers (Special) to iusefp.o(.text) for __I$use$fp
    sin.o(i.sin) refers to errno.o(i.__set_errno) for __set_errno
    sin.o(i.sin) refers to ddiv.o(.text) for __aeabi_ddiv
    sin.o(i.sin) refers to dscalb.o(.text) for __ARM_scalbn
    sin.o(i.sin) refers to rred.o(i.__ieee754_rem_pio2) for __ieee754_rem_pio2
    sin.o(i.sin) refers to cos_i.o(i.__kernel_cos) for __kernel_cos
    sin.o(i.sin) refers to sin_i.o(i.__kernel_sin) for __kernel_sin
    sin_x.o(i.____softfp_sin$lsc) refers (Special) to iusefp.o(.text) for __I$use$fp
    sin_x.o(i.____softfp_sin$lsc) refers to sin_x.o(i.__sin$lsc) for __sin$lsc
    sin_x.o(i.__sin$lsc) refers (Special) to iusefp.o(.text) for __I$use$fp
    sin_x.o(i.__sin$lsc) refers to errno.o(i.__set_errno) for __set_errno
    sin_x.o(i.__sin$lsc) refers to dscalb.o(.text) for __ARM_scalbn
    sin_x.o(i.__sin$lsc) refers to rred.o(i.__ieee754_rem_pio2) for __ieee754_rem_pio2
    sin_x.o(i.__sin$lsc) refers to cos_i.o(i.__kernel_cos) for __kernel_cos
    sin_x.o(i.__sin$lsc) refers to sin_i.o(i.__kernel_sin) for __kernel_sin
    sqrt.o(i.__softfp_sqrt) refers (Special) to iusefp.o(.text) for __I$use$fp
    sqrt.o(i.__softfp_sqrt) refers to dsqrt.o(.text) for _dsqrt
    sqrt.o(i.__softfp_sqrt) refers to errno.o(i.__set_errno) for __set_errno
    sqrt.o(i.sqrt) refers (Special) to iusefp.o(.text) for __I$use$fp
    sqrt.o(i.sqrt) refers to dsqrt.o(.text) for _dsqrt
    sqrt.o(i.sqrt) refers to errno.o(i.__set_errno) for __set_errno
    sqrt_x.o(i.____softfp_sqrt$lsc) refers (Special) to iusefp.o(.text) for __I$use$fp
    sqrt_x.o(i.____softfp_sqrt$lsc) refers to cdcmple.o(.text) for __aeabi_cdcmple
    sqrt_x.o(i.____softfp_sqrt$lsc) refers to errno.o(i.__set_errno) for __set_errno
    sqrt_x.o(i.____softfp_sqrt$lsc) refers to dsqrt.o(.text) for _dsqrt
    sqrt_x.o(i.__sqrt$lsc) refers (Special) to iusefp.o(.text) for __I$use$fp
    sqrt_x.o(i.__sqrt$lsc) refers to cdcmple.o(.text) for __aeabi_cdcmple
    sqrt_x.o(i.__sqrt$lsc) refers to errno.o(i.__set_errno) for __set_errno
    sqrt_x.o(i.__sqrt$lsc) refers to dsqrt.o(.text) for _dsqrt
    entry.o(.ARM.Collect$$$$00000000) refers (Special) to entry7b.o(.ARM.Collect$$$$00000008) for _main_clock
    entry.o(.ARM.Collect$$$$00000000) refers (Special) to entry8.o(.ARM.Collect$$$$00000009) for _main_init
    entry.o(.ARM.Collect$$$$00000000) refers (Special) to entry5.o(.ARM.Collect$$$$00000004) for _main_scatterload
    entry.o(.ARM.Collect$$$$00000000) refers (Special) to entry2.o(.ARM.Collect$$$$00000001) for _main_stk
    putc.o(i.putc) refers to uart.o(i.fputc) for fputc
    uldiv.o(.text) refers to llushr.o(.text) for __aeabi_llsr
    uldiv.o(.text) refers to llshl.o(.text) for __aeabi_llsl
    rand.o(.text) refers to rand.o(.data) for .data
    printfb.o(i.__0fprintf$bare) refers to printfb.o(i._printf_core) for _printf_core
    printfb.o(i.__0fprintf$bare) refers to uart.o(i.fputc) for fputc
    printfb.o(i.__0printf$bare) refers to printfb.o(i._printf_core) for _printf_core
    printfb.o(i.__0printf$bare) refers to uart.o(i.fputc) for fputc
    printfb.o(i.__0printf$bare) refers to stdout.o(.data) for __stdout
    printfb.o(i.__0snprintf$bare) refers to printfb.o(i._printf_core) for _printf_core
    printfb.o(i.__0snprintf$bare) refers to printfb.o(i._snputc) for _snputc
    printfb.o(i.__0sprintf$bare) refers to printfb.o(i._printf_core) for _printf_core
    printfb.o(i.__0sprintf$bare) refers to printfb.o(i._sputc) for _sputc
    printfb.o(i.__0vfprintf$bare) refers to printfb.o(i._printf_core) for _printf_core
    printfb.o(i.__0vfprintf$bare) refers to uart.o(i.fputc) for fputc
    printfb.o(i.__0vprintf$bare) refers to printfb.o(i._printf_core) for _printf_core
    printfb.o(i.__0vprintf$bare) refers to uart.o(i.fputc) for fputc
    printfb.o(i.__0vprintf$bare) refers to stdout.o(.data) for __stdout
    printfb.o(i.__0vsnprintf$bare) refers to printfb.o(i._printf_core) for _printf_core
    printfb.o(i.__0vsnprintf$bare) refers to printfb.o(i._snputc) for _snputc
    printfb.o(i.__0vsprintf$bare) refers to printfb.o(i._printf_core) for _printf_core
    printfb.o(i.__0vsprintf$bare) refers to printfb.o(i._sputc) for _sputc
    printf0.o(i.__0fprintf$0) refers to printf0.o(i._printf_core) for _printf_core
    printf0.o(i.__0fprintf$0) refers to uart.o(i.fputc) for fputc
    printf0.o(i.__0printf$0) refers to printf0.o(i._printf_core) for _printf_core
    printf0.o(i.__0printf$0) refers to uart.o(i.fputc) for fputc
    printf0.o(i.__0printf$0) refers to stdout.o(.data) for __stdout
    printf0.o(i.__0snprintf$0) refers to printf0.o(i._printf_core) for _printf_core
    printf0.o(i.__0snprintf$0) refers to printf0.o(i._snputc) for _snputc
    printf0.o(i.__0sprintf$0) refers to printf0.o(i._printf_core) for _printf_core
    printf0.o(i.__0sprintf$0) refers to printf0.o(i._sputc) for _sputc
    printf0.o(i.__0vfprintf$0) refers to printf0.o(i._printf_core) for _printf_core
    printf0.o(i.__0vfprintf$0) refers to uart.o(i.fputc) for fputc
    printf0.o(i.__0vprintf$0) refers to printf0.o(i._printf_core) for _printf_core
    printf0.o(i.__0vprintf$0) refers to uart.o(i.fputc) for fputc
    printf0.o(i.__0vprintf$0) refers to stdout.o(.data) for __stdout
    printf0.o(i.__0vsnprintf$0) refers to printf0.o(i._printf_core) for _printf_core
    printf0.o(i.__0vsnprintf$0) refers to printf0.o(i._snputc) for _snputc
    printf0.o(i.__0vsprintf$0) refers to printf0.o(i._printf_core) for _printf_core
    printf0.o(i.__0vsprintf$0) refers to printf0.o(i._sputc) for _sputc
    printf1.o(i.__0fprintf$1) refers to printf1.o(i._printf_core) for _printf_core
    printf1.o(i.__0fprintf$1) refers to uart.o(i.fputc) for fputc
    printf1.o(i.__0printf$1) refers to printf1.o(i._printf_core) for _printf_core
    printf1.o(i.__0printf$1) refers to uart.o(i.fputc) for fputc
    printf1.o(i.__0printf$1) refers to stdout.o(.data) for __stdout
    printf1.o(i.__0snprintf$1) refers to printf1.o(i._printf_core) for _printf_core
    printf1.o(i.__0snprintf$1) refers to printf1.o(i._snputc) for _snputc
    printf1.o(i.__0sprintf$1) refers to printf1.o(i._printf_core) for _printf_core
    printf1.o(i.__0sprintf$1) refers to printf1.o(i._sputc) for _sputc
    printf1.o(i.__0vfprintf$1) refers to printf1.o(i._printf_core) for _printf_core
    printf1.o(i.__0vfprintf$1) refers to uart.o(i.fputc) for fputc
    printf1.o(i.__0vprintf$1) refers to printf1.o(i._printf_core) for _printf_core
    printf1.o(i.__0vprintf$1) refers to uart.o(i.fputc) for fputc
    printf1.o(i.__0vprintf$1) refers to stdout.o(.data) for __stdout
    printf1.o(i.__0vsnprintf$1) refers to printf1.o(i._printf_core) for _printf_core
    printf1.o(i.__0vsnprintf$1) refers to printf1.o(i._snputc) for _snputc
    printf1.o(i.__0vsprintf$1) refers to printf1.o(i._printf_core) for _printf_core
    printf1.o(i.__0vsprintf$1) refers to printf1.o(i._sputc) for _sputc
    printf1.o(i._printf_core) refers to uidiv.o(.text) for __aeabi_uidivmod
    printf2.o(i.__0fprintf$2) refers to printf2.o(i._printf_core) for _printf_core
    printf2.o(i.__0fprintf$2) refers to uart.o(i.fputc) for fputc
    printf2.o(i.__0printf$2) refers to printf2.o(i._printf_core) for _printf_core
    printf2.o(i.__0printf$2) refers to uart.o(i.fputc) for fputc
    printf2.o(i.__0printf$2) refers to stdout.o(.data) for __stdout
    printf2.o(i.__0snprintf$2) refers to printf2.o(i._printf_core) for _printf_core
    printf2.o(i.__0snprintf$2) refers to printf2.o(i._snputc) for _snputc
    printf2.o(i.__0sprintf$2) refers to printf2.o(i._printf_core) for _printf_core
    printf2.o(i.__0sprintf$2) refers to printf2.o(i._sputc) for _sputc
    printf2.o(i.__0vfprintf$2) refers to printf2.o(i._printf_core) for _printf_core
    printf2.o(i.__0vfprintf$2) refers to uart.o(i.fputc) for fputc
    printf2.o(i.__0vprintf$2) refers to printf2.o(i._printf_core) for _printf_core
    printf2.o(i.__0vprintf$2) refers to uart.o(i.fputc) for fputc
    printf2.o(i.__0vprintf$2) refers to stdout.o(.data) for __stdout
    printf2.o(i.__0vsnprintf$2) refers to printf2.o(i._printf_core) for _printf_core
    printf2.o(i.__0vsnprintf$2) refers to printf2.o(i._snputc) for _snputc
    printf2.o(i.__0vsprintf$2) refers to printf2.o(i._printf_core) for _printf_core
    printf2.o(i.__0vsprintf$2) refers to printf2.o(i._sputc) for _sputc
    printf3.o(i.__0fprintf$3) refers to printf3.o(i._printf_core) for _printf_core
    printf3.o(i.__0fprintf$3) refers to uart.o(i.fputc) for fputc
    printf3.o(i.__0printf$3) refers to printf3.o(i._printf_core) for _printf_core
    printf3.o(i.__0printf$3) refers to uart.o(i.fputc) for fputc
    printf3.o(i.__0printf$3) refers to stdout.o(.data) for __stdout
    printf3.o(i.__0snprintf$3) refers to printf3.o(i._printf_core) for _printf_core
    printf3.o(i.__0snprintf$3) refers to printf3.o(i._snputc) for _snputc
    printf3.o(i.__0sprintf$3) refers to printf3.o(i._printf_core) for _printf_core
    printf3.o(i.__0sprintf$3) refers to printf3.o(i._sputc) for _sputc
    printf3.o(i.__0vfprintf$3) refers to printf3.o(i._printf_core) for _printf_core
    printf3.o(i.__0vfprintf$3) refers to uart.o(i.fputc) for fputc
    printf3.o(i.__0vprintf$3) refers to printf3.o(i._printf_core) for _printf_core
    printf3.o(i.__0vprintf$3) refers to uart.o(i.fputc) for fputc
    printf3.o(i.__0vprintf$3) refers to stdout.o(.data) for __stdout
    printf3.o(i.__0vsnprintf$3) refers to printf3.o(i._printf_core) for _printf_core
    printf3.o(i.__0vsnprintf$3) refers to printf3.o(i._snputc) for _snputc
    printf3.o(i.__0vsprintf$3) refers to printf3.o(i._printf_core) for _printf_core
    printf3.o(i.__0vsprintf$3) refers to printf3.o(i._sputc) for _sputc
    printf3.o(i._printf_core) refers to uidiv.o(.text) for __aeabi_uidivmod
    printf4.o(i.__0fprintf$4) refers to printf4.o(i._printf_core) for _printf_core
    printf4.o(i.__0fprintf$4) refers to uart.o(i.fputc) for fputc
    printf4.o(i.__0printf$4) refers to printf4.o(i._printf_core) for _printf_core
    printf4.o(i.__0printf$4) refers to uart.o(i.fputc) for fputc
    printf4.o(i.__0printf$4) refers to stdout.o(.data) for __stdout
    printf4.o(i.__0snprintf$4) refers to printf4.o(i._printf_core) for _printf_core
    printf4.o(i.__0snprintf$4) refers to printf4.o(i._snputc) for _snputc
    printf4.o(i.__0sprintf$4) refers to printf4.o(i._printf_core) for _printf_core
    printf4.o(i.__0sprintf$4) refers to printf4.o(i._sputc) for _sputc
    printf4.o(i.__0vfprintf$4) refers to printf4.o(i._printf_core) for _printf_core
    printf4.o(i.__0vfprintf$4) refers to uart.o(i.fputc) for fputc
    printf4.o(i.__0vprintf$4) refers to printf4.o(i._printf_core) for _printf_core
    printf4.o(i.__0vprintf$4) refers to uart.o(i.fputc) for fputc
    printf4.o(i.__0vprintf$4) refers to stdout.o(.data) for __stdout
    printf4.o(i.__0vsnprintf$4) refers to printf4.o(i._printf_core) for _printf_core
    printf4.o(i.__0vsnprintf$4) refers to printf4.o(i._snputc) for _snputc
    printf4.o(i.__0vsprintf$4) refers to printf4.o(i._printf_core) for _printf_core
    printf4.o(i.__0vsprintf$4) refers to printf4.o(i._sputc) for _sputc
    printf4.o(i._printf_core) refers to uldiv.o(.text) for __aeabi_uldivmod
    printf5.o(i.__0fprintf$5) refers to printf5.o(i._printf_core) for _printf_core
    printf5.o(i.__0fprintf$5) refers to uart.o(i.fputc) for fputc
    printf5.o(i.__0printf$5) refers to printf5.o(i._printf_core) for _printf_core
    printf5.o(i.__0printf$5) refers to uart.o(i.fputc) for fputc
    printf5.o(i.__0printf$5) refers to stdout.o(.data) for __stdout
    printf5.o(i.__0snprintf$5) refers to printf5.o(i._printf_core) for _printf_core
    printf5.o(i.__0snprintf$5) refers to printf5.o(i._snputc) for _snputc
    printf5.o(i.__0sprintf$5) refers to printf5.o(i._printf_core) for _printf_core
    printf5.o(i.__0sprintf$5) refers to printf5.o(i._sputc) for _sputc
    printf5.o(i.__0vfprintf$5) refers to printf5.o(i._printf_core) for _printf_core
    printf5.o(i.__0vfprintf$5) refers to uart.o(i.fputc) for fputc
    printf5.o(i.__0vprintf$5) refers to printf5.o(i._printf_core) for _printf_core
    printf5.o(i.__0vprintf$5) refers to uart.o(i.fputc) for fputc
    printf5.o(i.__0vprintf$5) refers to stdout.o(.data) for __stdout
    printf5.o(i.__0vsnprintf$5) refers to printf5.o(i._printf_core) for _printf_core
    printf5.o(i.__0vsnprintf$5) refers to printf5.o(i._snputc) for _snputc
    printf5.o(i.__0vsprintf$5) refers to printf5.o(i._printf_core) for _printf_core
    printf5.o(i.__0vsprintf$5) refers to printf5.o(i._sputc) for _sputc
    printf5.o(i._printf_core) refers to uldiv.o(.text) for __aeabi_uldivmod
    printf6.o(i.__0fprintf$6) refers to printf6.o(i._printf_core) for _printf_core
    printf6.o(i.__0fprintf$6) refers to uart.o(i.fputc) for fputc
    printf6.o(i.__0printf$6) refers to printf6.o(i._printf_core) for _printf_core
    printf6.o(i.__0printf$6) refers to uart.o(i.fputc) for fputc
    printf6.o(i.__0printf$6) refers to stdout.o(.data) for __stdout
    printf6.o(i.__0snprintf$6) refers to printf6.o(i._printf_core) for _printf_core
    printf6.o(i.__0snprintf$6) refers to printf6.o(i._snputc) for _snputc
    printf6.o(i.__0sprintf$6) refers to printf6.o(i._printf_core) for _printf_core
    printf6.o(i.__0sprintf$6) refers to printf6.o(i._sputc) for _sputc
    printf6.o(i.__0vfprintf$6) refers to printf6.o(i._printf_core) for _printf_core
    printf6.o(i.__0vfprintf$6) refers to uart.o(i.fputc) for fputc
    printf6.o(i.__0vprintf$6) refers to printf6.o(i._printf_core) for _printf_core
    printf6.o(i.__0vprintf$6) refers to uart.o(i.fputc) for fputc
    printf6.o(i.__0vprintf$6) refers to stdout.o(.data) for __stdout
    printf6.o(i.__0vsnprintf$6) refers to printf6.o(i._printf_core) for _printf_core
    printf6.o(i.__0vsnprintf$6) refers to printf6.o(i._snputc) for _snputc
    printf6.o(i.__0vsprintf$6) refers to printf6.o(i._printf_core) for _printf_core
    printf6.o(i.__0vsprintf$6) refers to printf6.o(i._sputc) for _sputc
    printf6.o(i._printf_core) refers to printf6.o(i._printf_pre_padding) for _printf_pre_padding
    printf6.o(i._printf_core) refers to uidiv.o(.text) for __aeabi_uidivmod
    printf6.o(i._printf_core) refers to printf6.o(i._printf_post_padding) for _printf_post_padding
    printf7.o(i.__0fprintf$7) refers to printf7.o(i._printf_core) for _printf_core
    printf7.o(i.__0fprintf$7) refers to uart.o(i.fputc) for fputc
    printf7.o(i.__0printf$7) refers to printf7.o(i._printf_core) for _printf_core
    printf7.o(i.__0printf$7) refers to uart.o(i.fputc) for fputc
    printf7.o(i.__0printf$7) refers to stdout.o(.data) for __stdout
    printf7.o(i.__0snprintf$7) refers to printf7.o(i._printf_core) for _printf_core
    printf7.o(i.__0snprintf$7) refers to printf7.o(i._snputc) for _snputc
    printf7.o(i.__0sprintf$7) refers to printf7.o(i._printf_core) for _printf_core
    printf7.o(i.__0sprintf$7) refers to printf7.o(i._sputc) for _sputc
    printf7.o(i.__0vfprintf$7) refers to printf7.o(i._printf_core) for _printf_core
    printf7.o(i.__0vfprintf$7) refers to uart.o(i.fputc) for fputc
    printf7.o(i.__0vprintf$7) refers to printf7.o(i._printf_core) for _printf_core
    printf7.o(i.__0vprintf$7) refers to uart.o(i.fputc) for fputc
    printf7.o(i.__0vprintf$7) refers to stdout.o(.data) for __stdout
    printf7.o(i.__0vsnprintf$7) refers to printf7.o(i._printf_core) for _printf_core
    printf7.o(i.__0vsnprintf$7) refers to printf7.o(i._snputc) for _snputc
    printf7.o(i.__0vsprintf$7) refers to printf7.o(i._printf_core) for _printf_core
    printf7.o(i.__0vsprintf$7) refers to printf7.o(i._sputc) for _sputc
    printf7.o(i._printf_core) refers to printf7.o(i._printf_pre_padding) for _printf_pre_padding
    printf7.o(i._printf_core) refers to uldiv.o(.text) for __aeabi_uldivmod
    printf7.o(i._printf_core) refers to printf7.o(i._printf_post_padding) for _printf_post_padding
    printf8.o(i.__0fprintf$8) refers to printf8.o(i._printf_core) for _printf_core
    printf8.o(i.__0fprintf$8) refers to uart.o(i.fputc) for fputc
    printf8.o(i.__0printf$8) refers to printf8.o(i._printf_core) for _printf_core
    printf8.o(i.__0printf$8) refers to uart.o(i.fputc) for fputc
    printf8.o(i.__0printf$8) refers to stdout.o(.data) for __stdout
    printf8.o(i.__0snprintf$8) refers to printf8.o(i._printf_core) for _printf_core
    printf8.o(i.__0snprintf$8) refers to printf8.o(i._snputc) for _snputc
    printf8.o(i.__0sprintf$8) refers to printf8.o(i._printf_core) for _printf_core
    printf8.o(i.__0sprintf$8) refers to printf8.o(i._sputc) for _sputc
    printf8.o(i.__0vfprintf$8) refers to printf8.o(i._printf_core) for _printf_core
    printf8.o(i.__0vfprintf$8) refers to uart.o(i.fputc) for fputc
    printf8.o(i.__0vprintf$8) refers to printf8.o(i._printf_core) for _printf_core
    printf8.o(i.__0vprintf$8) refers to uart.o(i.fputc) for fputc
    printf8.o(i.__0vprintf$8) refers to stdout.o(.data) for __stdout
    printf8.o(i.__0vsnprintf$8) refers to printf8.o(i._printf_core) for _printf_core
    printf8.o(i.__0vsnprintf$8) refers to printf8.o(i._snputc) for _snputc
    printf8.o(i.__0vsprintf$8) refers to printf8.o(i._printf_core) for _printf_core
    printf8.o(i.__0vsprintf$8) refers to printf8.o(i._sputc) for _sputc
    printf8.o(i._printf_core) refers to printf8.o(i._printf_pre_padding) for _printf_pre_padding
    printf8.o(i._printf_core) refers to uldiv.o(.text) for __aeabi_uldivmod
    printf8.o(i._printf_core) refers to printf8.o(i._printf_post_padding) for _printf_post_padding
    printfa.o(i.__0fprintf) refers (Special) to iusefp.o(.text) for __I$use$fp
    printfa.o(i.__0fprintf) refers to printfa.o(i._printf_core) for _printf_core
    printfa.o(i.__0fprintf) refers to uart.o(i.fputc) for fputc
    printfa.o(i.__0printf) refers (Special) to iusefp.o(.text) for __I$use$fp
    printfa.o(i.__0printf) refers to printfa.o(i._printf_core) for _printf_core
    printfa.o(i.__0printf) refers to uart.o(i.fputc) for fputc
    printfa.o(i.__0printf) refers to stdout.o(.data) for __stdout
    printfa.o(i.__0snprintf) refers (Special) to iusefp.o(.text) for __I$use$fp
    printfa.o(i.__0snprintf) refers to printfa.o(i._printf_core) for _printf_core
    printfa.o(i.__0snprintf) refers to printfa.o(i._snputc) for _snputc
    printfa.o(i.__0sprintf) refers (Special) to iusefp.o(.text) for __I$use$fp
    printfa.o(i.__0sprintf) refers to printfa.o(i._printf_core) for _printf_core
    printfa.o(i.__0sprintf) refers to printfa.o(i._sputc) for _sputc
    printfa.o(i.__0vfprintf) refers (Special) to iusefp.o(.text) for __I$use$fp
    printfa.o(i.__0vfprintf) refers to printfa.o(i._printf_core) for _printf_core
    printfa.o(i.__0vfprintf) refers to uart.o(i.fputc) for fputc
    printfa.o(i.__0vprintf) refers (Special) to iusefp.o(.text) for __I$use$fp
    printfa.o(i.__0vprintf) refers to printfa.o(i._printf_core) for _printf_core
    printfa.o(i.__0vprintf) refers to uart.o(i.fputc) for fputc
    printfa.o(i.__0vprintf) refers to stdout.o(.data) for __stdout
    printfa.o(i.__0vsnprintf) refers (Special) to iusefp.o(.text) for __I$use$fp
    printfa.o(i.__0vsnprintf) refers to printfa.o(i._printf_core) for _printf_core
    printfa.o(i.__0vsnprintf) refers to printfa.o(i._snputc) for _snputc
    printfa.o(i.__0vsprintf) refers (Special) to iusefp.o(.text) for __I$use$fp
    printfa.o(i.__0vsprintf) refers to printfa.o(i._printf_core) for _printf_core
    printfa.o(i.__0vsprintf) refers to printfa.o(i._sputc) for _sputc
    printfa.o(i._fp_digits) refers (Special) to iusefp.o(.text) for __I$use$fp
    printfa.o(i._fp_digits) refers to dmul.o(.text) for __aeabi_dmul
    printfa.o(i._fp_digits) refers to ddiv.o(.text) for __aeabi_ddiv
    printfa.o(i._fp_digits) refers to cdrcmple.o(.text) for __aeabi_cdrcmple
    printfa.o(i._fp_digits) refers to dadd.o(.text) for __aeabi_dadd
    printfa.o(i._fp_digits) refers to dfixul.o(.text) for __aeabi_d2ulz
    printfa.o(i._fp_digits) refers to uldiv.o(.text) for __aeabi_uldivmod
    printfa.o(i._printf_core) refers (Special) to iusefp.o(.text) for __I$use$fp
    printfa.o(i._printf_core) refers to printfa.o(i._printf_pre_padding) for _printf_pre_padding
    printfa.o(i._printf_core) refers to uldiv.o(.text) for __aeabi_uldivmod
    printfa.o(i._printf_core) refers to printfa.o(i._printf_post_padding) for _printf_post_padding
    printfa.o(i._printf_core) refers to printfa.o(i._fp_digits) for _fp_digits
    printfa.o(i._printf_core) refers to uidiv.o(.text) for __aeabi_uidivmod
    printfa.o(i._printf_post_padding) refers (Special) to iusefp.o(.text) for __I$use$fp
    printfa.o(i._printf_pre_padding) refers (Special) to iusefp.o(.text) for __I$use$fp
    printfa.o(i._snputc) refers (Special) to iusefp.o(.text) for __I$use$fp
    printfa.o(i._sputc) refers (Special) to iusefp.o(.text) for __I$use$fp
    malloc.o(i.free) refers to mvars.o(.data) for __microlib_freelist
    malloc.o(i.malloc) refers to mvars.o(.data) for __microlib_freelist_initialised
    malloc.o(i.malloc) refers to mvars.o(.data) for __microlib_freelist
    malloc.o(i.malloc) refers to startup_lpc17xx.o(HEAP) for __heap_base
    mallocr.o(i.__free$realloc) refers to mvars.o(.data) for __microlib_freelist
    mallocr.o(i.__malloc$realloc) refers to mallocr.o(i.internal_alloc) for internal_alloc
    mallocr.o(i.__malloc$realloc) refers to mvars.o(.data) for __microlib_freelist_initialised
    mallocr.o(i.__malloc$realloc) refers to startup_lpc17xx.o(HEAP) for __heap_base
    mallocr.o(i.__malloc$realloc) refers to mvars.o(.data) for __microlib_freelist
    mallocr.o(i.internal_alloc) refers to memcpya.o(.text) for __aeabi_memcpy
    mallocr.o(i.internal_alloc) refers to mvars.o(.data) for __microlib_freelist
    mallocr.o(i.realloc) refers to mallocr.o(i.__free$realloc) for __free$realloc
    mallocr.o(i.realloc) refers to mallocr.o(i.internal_alloc) for internal_alloc
    mallocr.o(i.realloc) refers to mallocr.o(i.__malloc$realloc) for __malloc$realloc
    mallocr.o(i.realloc) refers to mvars.o(.data) for __microlib_freelist
    malloca.o(i.__aligned_malloc) refers to mvars.o(.data) for __microlib_freelist_initialised
    malloca.o(i.__aligned_malloc) refers to mvars.o(.data) for __microlib_freelist
    malloca.o(i.__aligned_malloc) refers to startup_lpc17xx.o(HEAP) for __heap_base
    malloca.o(i.__free$memalign) refers to mvars.o(.data) for __microlib_freelist
    malloca.o(i.__malloc$memalign) refers to malloca.o(i.__aligned_malloc) for __aligned_malloc
    mallocra.o(i.__aligned_malloc$realloc) refers to mallocra.o(i.internal_alloc) for internal_alloc
    mallocra.o(i.__aligned_malloc$realloc) refers to mvars.o(.data) for __microlib_freelist_initialised
    mallocra.o(i.__aligned_malloc$realloc) refers to startup_lpc17xx.o(HEAP) for __heap_base
    mallocra.o(i.__aligned_malloc$realloc) refers to mvars.o(.data) for __microlib_freelist
    mallocra.o(i.__free$realloc$memalign) refers to mvars.o(.data) for __microlib_freelist
    mallocra.o(i.__malloc$realloc$memalign) refers to mallocra.o(i.__aligned_malloc$realloc) for __aligned_malloc$realloc
    mallocra.o(i.__realloc$memalign) refers to mallocra.o(i.__free$realloc$memalign) for __free$realloc$memalign
    mallocra.o(i.__realloc$memalign) refers to mallocra.o(i.internal_alloc) for internal_alloc
    mallocra.o(i.__realloc$memalign) refers to mallocra.o(i.__malloc$realloc$memalign) for __malloc$realloc$memalign
    mallocra.o(i.__realloc$memalign) refers to mvars.o(.data) for __microlib_freelist
    mallocra.o(i.internal_alloc) refers to memcpya.o(.text) for __aeabi_memcpy
    mallocra.o(i.internal_alloc) refers to mvars.o(.data) for __microlib_freelist
    fadd.o(.text) refers (Special) to iusefp.o(.text) for __I$use$fp
    fadd.o(.text) refers to fepilogue.o(.text) for _float_epilogue
    fmul.o(.text) refers (Special) to iusefp.o(.text) for __I$use$fp
    fdiv.o(.text) refers (Special) to iusefp.o(.text) for __I$use$fp
    fdiv.o(.text) refers to fepilogue.o(.text) for _float_round
    dmul.o(.text) refers (Special) to iusefp.o(.text) for __I$use$fp
    dmul.o(.text) refers to depilogue.o(.text) for _double_epilogue
    ffltui.o(.text) refers (Special) to iusefp.o(.text) for __I$use$fp
    ffltui.o(.text) refers to fepilogue.o(.text) for _float_epilogue
    dflti.o(.text) refers (Special) to iusefp.o(.text) for __I$use$fp
    dflti.o(.text) refers to depilogue.o(.text) for _double_epilogue
    ffixi.o(.text) refers (Special) to iusefp.o(.text) for __I$use$fp
    ffixui.o(.text) refers (Special) to iusefp.o(.text) for __I$use$fp
    f2d.o(.text) refers (Special) to iusefp.o(.text) for __I$use$fp
    d2f.o(.text) refers (Special) to iusefp.o(.text) for __I$use$fp
    d2f.o(.text) refers to fepilogue.o(.text) for _float_round
    cfrcmple.o(.text) refers (Special) to iusefp.o(.text) for __I$use$fp
    cos_i.o(i.__kernel_cos) refers (Special) to iusefp.o(.text) for __I$use$fp
    cos_i.o(i.__kernel_cos) refers to dfixi.o(.text) for __aeabi_d2iz
    cos_i.o(i.__kernel_cos) refers to dmul.o(.text) for __aeabi_dmul
    cos_i.o(i.__kernel_cos) refers to poly.o(i.__kernel_poly) for __kernel_poly
    cos_i.o(i.__kernel_cos) refers to dadd.o(.text) for __aeabi_dsub
    cos_i.o(i.__kernel_cos) refers to dscalb.o(.text) for __ARM_scalbn
    cos_i.o(i.__kernel_cos) refers to cos_i.o(.constdata) for .constdata
    cos_i.o(.constdata) refers (Special) to iusefp.o(.text) for __I$use$fp
    rred.o(i.__ieee754_rem_pio2) refers (Special) to iusefp.o(.text) for __I$use$fp
    rred.o(i.__ieee754_rem_pio2) refers to dadd.o(.text) for __aeabi_dsub
    rred.o(i.__ieee754_rem_pio2) refers to dmul.o(.text) for __aeabi_dmul
    rred.o(i.__ieee754_rem_pio2) refers to dfixi.o(.text) for __aeabi_d2iz
    rred.o(i.__ieee754_rem_pio2) refers to dflti.o(.text) for __aeabi_i2d
    rred.o(i.__ieee754_rem_pio2) refers to dfltui.o(.text) for __aeabi_ui2d
    rred.o(i.__ieee754_rem_pio2) refers to dscalb.o(.text) for __ARM_scalbn
    rred.o(i.__ieee754_rem_pio2) refers to rred.o(.constdata) for .constdata
    rred.o(i.__use_accurate_range_reduction) refers (Special) to iusefp.o(.text) for __I$use$fp
    rred.o(.constdata) refers (Special) to iusefp.o(.text) for __I$use$fp
    sin_i.o(i.__kernel_sin) refers (Special) to iusefp.o(.text) for __I$use$fp
    sin_i.o(i.__kernel_sin) refers to fpclassify.o(i.__ARM_fpclassify) for __ARM_fpclassify
    sin_i.o(i.__kernel_sin) refers to dunder.o(i.__mathlib_dbl_underflow) for __mathlib_dbl_underflow
    sin_i.o(i.__kernel_sin) refers to dmul.o(.text) for __aeabi_dmul
    sin_i.o(i.__kernel_sin) refers to poly.o(i.__kernel_poly) for __kernel_poly
    sin_i.o(i.__kernel_sin) refers to dscalb.o(.text) for __ARM_scalbn
    sin_i.o(i.__kernel_sin) refers to dadd.o(.text) for __aeabi_dsub
    sin_i.o(i.__kernel_sin) refers to sin_i.o(.constdata) for .constdata
    sin_i.o(.constdata) refers (Special) to iusefp.o(.text) for __I$use$fp
    sin_i_x.o(i.____kernel_sin$lsc) refers (Special) to iusefp.o(.text) for __I$use$fp
    sin_i_x.o(i.____kernel_sin$lsc) refers to dmul.o(.text) for __aeabi_dmul
    sin_i_x.o(i.____kernel_sin$lsc) refers to poly.o(i.__kernel_poly) for __kernel_poly
    sin_i_x.o(i.____kernel_sin$lsc) refers to dscalb.o(.text) for __ARM_scalbn
    sin_i_x.o(i.____kernel_sin$lsc) refers to dadd.o(.text) for __aeabi_dsub
    sin_i_x.o(i.____kernel_sin$lsc) refers to sin_i_x.o(.constdata) for .constdata
    sin_i_x.o(.constdata) refers (Special) to iusefp.o(.text) for __I$use$fp
    entry2.o(.ARM.Collect$$$$00000001) refers to entry2.o(.ARM.Collect$$$$00002712) for __lit__00000000
    entry2.o(.ARM.Collect$$$$00002712) refers to startup_lpc17xx.o(STACK) for __initial_sp
    entry2.o(__vectab_stack_and_reset_area) refers to startup_lpc17xx.o(STACK) for __initial_sp
    entry2.o(__vectab_stack_and_reset_area) refers to entry.o(.ARM.Collect$$$$00000000) for __main
    entry5.o(.ARM.Collect$$$$00000004) refers to init.o(.text) for __scatterload
    entry8.o(.ARM.Collect$$$$00000009) refers to main.o(i.main) for main
    errno.o(i.__aeabi_errno_addr) refers to errno.o(.data) for .data
    errno.o(i.__read_errno) refers to errno.o(.data) for .data
    errno.o(i.__set_errno) refers to errno.o(.data) for .data
    depilogue.o(.text) refers to llshl.o(.text) for __aeabi_llsl
    depilogue.o(.text) refers to llushr.o(.text) for __aeabi_llsr
    dadd.o(.text) refers to llshl.o(.text) for __aeabi_llsl
    dadd.o(.text) refers to llsshr.o(.text) for __aeabi_lasr
    dadd.o(.text) refers to depilogue.o(.text) for _double_epilogue
    ddiv.o(.text) refers to depilogue.o(.text) for _double_round
    dsqrt.o(.text) refers to llushr.o(.text) for __aeabi_llsr
    dsqrt.o(.text) refers to depilogue.o(.text) for _double_round
    dfixul.o(.text) refers to llushr.o(.text) for __aeabi_llsr
    dfixul.o(.text) refers to llshl.o(.text) for __aeabi_llsl
    dunder.o(i.__mathlib_dbl_underflow) refers to dscalb.o(.text) for __ARM_scalbn
    fpclassify.o(i.__ARM_fpclassify) refers (Special) to iusefp.o(.text) for __I$use$fp
    poly.o(i.__kernel_poly) refers (Special) to iusefp.o(.text) for __I$use$fp
    poly.o(i.__kernel_poly) refers to dmul.o(.text) for __aeabi_dmul
    poly.o(i.__kernel_poly) refers to dadd.o(.text) for __aeabi_dadd
    init.o(.text) refers to entry5.o(.ARM.Collect$$$$00000004) for __main_after_scatterload
    dfltui.o(.text) refers to depilogue.o(.text) for _double_epilogue
    dfixi.o(.text) refers to llushr.o(.text) for __aeabi_llsr
    spi_msd_driver.o(i._spi_read_write) refers to lpc17xx_ssp.o(i.SSP_GetStatus) for SSP_GetStatus
    spi_msd_driver.o(i._spi_read_write) refers to lpc17xx_ssp.o(i.SSP_SendData) for SSP_SendData
    spi_msd_driver.o(i._spi_read_write) refers to lpc17xx_ssp.o(i.SSP_ReceiveData) for SSP_ReceiveData

